Archive member included to satisfy reference by file (symbol)

c:/st/stm32cubeide_1.7.0/stm32cubeide/plugins/com.st.stm32cube.ide.mcu.externaltools.gnu-tools-for-stm32.9-2020-q2-update.win32_2.0.0.202105311346/tools/bin/../lib/gcc/arm-none-eabi/9.3.1/../../../../arm-none-eabi/lib/thumb/v7e-m+fp/hard\libc_nano.a(lib_a-exit.o)
                              c:/st/stm32cubeide_1.7.0/stm32cubeide/plugins/com.st.stm32cube.ide.mcu.externaltools.gnu-tools-for-stm32.9-2020-q2-update.win32_2.0.0.202105311346/tools/bin/../lib/gcc/arm-none-eabi/9.3.1/../../../../arm-none-eabi/lib/thumb/v7e-m+fp/hard/crt0.o (exit)
c:/st/stm32cubeide_1.7.0/stm32cubeide/plugins/com.st.stm32cube.ide.mcu.externaltools.gnu-tools-for-stm32.9-2020-q2-update.win32_2.0.0.202105311346/tools/bin/../lib/gcc/arm-none-eabi/9.3.1/../../../../arm-none-eabi/lib/thumb/v7e-m+fp/hard\libc_nano.a(lib_a-impure.o)
                              c:/st/stm32cubeide_1.7.0/stm32cubeide/plugins/com.st.stm32cube.ide.mcu.externaltools.gnu-tools-for-stm32.9-2020-q2-update.win32_2.0.0.202105311346/tools/bin/../lib/gcc/arm-none-eabi/9.3.1/../../../../arm-none-eabi/lib/thumb/v7e-m+fp/hard\libc_nano.a(lib_a-exit.o) (_global_impure_ptr)
c:/st/stm32cubeide_1.7.0/stm32cubeide/plugins/com.st.stm32cube.ide.mcu.externaltools.gnu-tools-for-stm32.9-2020-q2-update.win32_2.0.0.202105311346/tools/bin/../lib/gcc/arm-none-eabi/9.3.1/../../../../arm-none-eabi/lib/thumb/v7e-m+fp/hard\libc_nano.a(lib_a-init.o)
                              c:/st/stm32cubeide_1.7.0/stm32cubeide/plugins/com.st.stm32cube.ide.mcu.externaltools.gnu-tools-for-stm32.9-2020-q2-update.win32_2.0.0.202105311346/tools/bin/../lib/gcc/arm-none-eabi/9.3.1/../../../../arm-none-eabi/lib/thumb/v7e-m+fp/hard/crt0.o (__libc_init_array)
c:/st/stm32cubeide_1.7.0/stm32cubeide/plugins/com.st.stm32cube.ide.mcu.externaltools.gnu-tools-for-stm32.9-2020-q2-update.win32_2.0.0.202105311346/tools/bin/../lib/gcc/arm-none-eabi/9.3.1/../../../../arm-none-eabi/lib/thumb/v7e-m+fp/hard\libc_nano.a(lib_a-memset.o)
                              c:/st/stm32cubeide_1.7.0/stm32cubeide/plugins/com.st.stm32cube.ide.mcu.externaltools.gnu-tools-for-stm32.9-2020-q2-update.win32_2.0.0.202105311346/tools/bin/../lib/gcc/arm-none-eabi/9.3.1/../../../../arm-none-eabi/lib/thumb/v7e-m+fp/hard/crt0.o (memset)
c:/st/stm32cubeide_1.7.0/stm32cubeide/plugins/com.st.stm32cube.ide.mcu.externaltools.gnu-tools-for-stm32.9-2020-q2-update.win32_2.0.0.202105311346/tools/bin/../lib/gcc/arm-none-eabi/9.3.1/../../../../arm-none-eabi/lib/thumb/v7e-m+fp/hard\libc_nano.a(lib_a-nano-vfprintf_float.o)
                              (_printf_float)
c:/st/stm32cubeide_1.7.0/stm32cubeide/plugins/com.st.stm32cube.ide.mcu.externaltools.gnu-tools-for-stm32.9-2020-q2-update.win32_2.0.0.202105311346/tools/bin/../lib/gcc/arm-none-eabi/9.3.1/../../../../arm-none-eabi/lib/thumb/v7e-m+fp/hard\libc_nano.a(lib_a-nano-vfprintf_i.o)
                              c:/st/stm32cubeide_1.7.0/stm32cubeide/plugins/com.st.stm32cube.ide.mcu.externaltools.gnu-tools-for-stm32.9-2020-q2-update.win32_2.0.0.202105311346/tools/bin/../lib/gcc/arm-none-eabi/9.3.1/../../../../arm-none-eabi/lib/thumb/v7e-m+fp/hard\libc_nano.a(lib_a-nano-vfprintf_float.o) (_printf_common)
c:/st/stm32cubeide_1.7.0/stm32cubeide/plugins/com.st.stm32cube.ide.mcu.externaltools.gnu-tools-for-stm32.9-2020-q2-update.win32_2.0.0.202105311346/tools/bin/../lib/gcc/arm-none-eabi/9.3.1/../../../../arm-none-eabi/lib/thumb/v7e-m+fp/hard\libc_nano.a(lib_a-snprintf.o)
                              ./Core/Src/lcd_gui.o (snprintf)
c:/st/stm32cubeide_1.7.0/stm32cubeide/plugins/com.st.stm32cube.ide.mcu.externaltools.gnu-tools-for-stm32.9-2020-q2-update.win32_2.0.0.202105311346/tools/bin/../lib/gcc/arm-none-eabi/9.3.1/../../../../arm-none-eabi/lib/thumb/v7e-m+fp/hard\libc_nano.a(lib_a-strlen.o)
                              c:/st/stm32cubeide_1.7.0/stm32cubeide/plugins/com.st.stm32cube.ide.mcu.externaltools.gnu-tools-for-stm32.9-2020-q2-update.win32_2.0.0.202105311346/tools/bin/../lib/gcc/arm-none-eabi/9.3.1/../../../../arm-none-eabi/lib/thumb/v7e-m+fp/hard\libc_nano.a(lib_a-nano-vfprintf_float.o) (strlen)
c:/st/stm32cubeide_1.7.0/stm32cubeide/plugins/com.st.stm32cube.ide.mcu.externaltools.gnu-tools-for-stm32.9-2020-q2-update.win32_2.0.0.202105311346/tools/bin/../lib/gcc/arm-none-eabi/9.3.1/../../../../arm-none-eabi/lib/thumb/v7e-m+fp/hard\libc_nano.a(lib_a-dtoa.o)
                              c:/st/stm32cubeide_1.7.0/stm32cubeide/plugins/com.st.stm32cube.ide.mcu.externaltools.gnu-tools-for-stm32.9-2020-q2-update.win32_2.0.0.202105311346/tools/bin/../lib/gcc/arm-none-eabi/9.3.1/../../../../arm-none-eabi/lib/thumb/v7e-m+fp/hard\libc_nano.a(lib_a-nano-vfprintf_float.o) (_dtoa_r)
c:/st/stm32cubeide_1.7.0/stm32cubeide/plugins/com.st.stm32cube.ide.mcu.externaltools.gnu-tools-for-stm32.9-2020-q2-update.win32_2.0.0.202105311346/tools/bin/../lib/gcc/arm-none-eabi/9.3.1/../../../../arm-none-eabi/lib/thumb/v7e-m+fp/hard\libc_nano.a(lib_a-localeconv.o)
[...]
Memory Configuration

Name             Origin             Length             Attributes
CCMRAM           0x0000000010000000 0x0000000000010000 xrw
RAM              0x0000000020000000 0x0000000000030000 xrw
FLASH            0x0000000008000000 0x0000000000200000 xr
*default*        0x0000000000000000 0xffffffffffffffff

Linker script and memory map

LOAD c:/st/stm32cubeide_1.7.0/stm32cubeide/plugins/com.st.stm32cube.ide.mcu.externaltools.gnu-tools-for-stm32.9-2020-q2-update.win32_2.0.0.202105311346/tools/bin/../lib/gcc/arm-none-eabi/9.3.1/thumb/v7e-m+fp/hard/crti.o
LOAD c:/st/stm32cubeide_1.7.0/stm32cubeide/plugins/com.st.stm32cube.ide.mcu.externaltools.gnu-tools-for-stm32.9-2020-q2-update.win32_2.0.0.202105311346/tools/bin/../lib/gcc/arm-none-eabi/9.3.1/thumb/v7e-m+fp/hard/crtbegin.o
LOAD c:/st/stm32cubeide_1.7.0/stm32cubeide/plugins/com.st.stm32cube.ide.mcu.externaltools.gnu-tools-for-stm32.9-2020-q2-update.win32_2.0.0.202105311346/tools/bin/../lib/gcc/arm-none-eabi/9.3.1/../../../../arm-none-eabi/lib/thumb/v7e-m+fp/hard/crt0.o
LOAD ./Core/Src/analytics.o
LOAD ./Core/Src/lcd_gui.o
LOAD ./Core/Src/main.o
LOAD ./Core/Src/measuring.o
LOAD ./Core/Src/menu.o
LOAD ./Core/Src/pushbutton.o
LOAD ./Core/Src/stm32f4xx_it.o
LOAD ./Core/Src/system_stm32f4xx.o
LOAD ./Core/Startup/startup_stm32f429zitx.o
LOAD ./Drivers/BSP/Components/cs43l22/cs43l22.o
LOAD ./Drivers/BSP/Components/exc7200/exc7200.o
LOAD ./Drivers/BSP/Components/ft6x06/ft6x06.o
LOAD ./Drivers/BSP/Components/ili9325/ili9325.o
LOAD ./Drivers/BSP/Components/ili9341/ili9341.o
LOAD ./Drivers/BSP/Components/l3gd20/l3gd20.o
LOAD ./Drivers/BSP/Components/lis302dl/lis302dl.o
LOAD ./Drivers/BSP/Components/lis3dsh/lis3dsh.o
LOAD ./Drivers/BSP/Components/ls016b8uy/ls016b8uy.o
LOAD ./Drivers/BSP/Components/lsm303dlhc/lsm303dlhc.o
LOAD ./Drivers/BSP/Components/mfxstm32l152/mfxstm32l152.o
LOAD ./Drivers/BSP/Components/otm8009a/otm8009a.o
LOAD ./Drivers/BSP/Components/ov2640/ov2640.o
LOAD ./Drivers/BSP/Components/ov5640/ov5640.o
LOAD ./Drivers/BSP/Components/s5k5cag/s5k5cag.o
LOAD ./Drivers/BSP/Components/st7735/st7735.o
LOAD ./Drivers/BSP/Components/st7789h2/st7789h2.o
LOAD ./Drivers/BSP/Components/stmpe1600/stmpe1600.o
LOAD ./Drivers/BSP/Components/stmpe811/stmpe811.o
LOAD ./Drivers/BSP/Components/ts3510/ts3510.o
LOAD ./Drivers/BSP/Components/wm8994/wm8994.o
LOAD ./Drivers/BSP/STM32F429I-Discovery/stm32f429i_discovery.o
LOAD ./Drivers/BSP/STM32F429I-Discovery/stm32f429i_discovery_eeprom.o
LOAD ./Drivers/BSP/STM32F429I-Discovery/stm32f429i_discovery_gyroscope.o
LOAD ./Drivers/BSP/STM32F429I-Discovery/stm32f429i_discovery_io.o
LOAD ./Drivers/BSP/STM32F429I-Discovery/stm32f429i_discovery_lcd.o
LOAD ./Drivers/BSP/STM32F429I-Discovery/stm32f429i_discovery_sdram.o
LOAD ./Drivers/BSP/STM32F429I-Discovery/stm32f429i_discovery_ts.o
LOAD ./Drivers/STM32F4xx_HAL_Driver/Src/stm32f4xx_hal.o
LOAD ./Drivers/STM32F4xx_HAL_Driver/Src/stm32f4xx_hal_cortex.o
LOAD ./Drivers/STM32F4xx_HAL_Driver/Src/stm32f4xx_hal_crc.o
LOAD ./Drivers/STM32F4xx_HAL_Driver/Src/stm32f4xx_hal_dma.o
LOAD ./Drivers/STM32F4xx_HAL_Driver/Src/stm32f4xx_hal_dma2d.o
LOAD ./Drivers/STM32F4xx_HAL_Driver/Src/stm32f4xx_hal_dma_ex.o
LOAD ./Drivers/STM32F4xx_HAL_Driver/Src/stm32f4xx_hal_dsi.o
LOAD ./Drivers/STM32F4xx_HAL_Driver/Src/stm32f4xx_hal_exti.o
LOAD ./Drivers/STM32F4xx_HAL_Driver/Src/stm32f4xx_hal_flash.o
LOAD ./Drivers/STM32F4xx_HAL_Driver/Src/stm32f4xx_hal_flash_ex.o
LOAD ./Drivers/STM32F4xx_HAL_Driver/Src/stm32f4xx_hal_flash_ramfunc.o
LOAD ./Drivers/STM32F4xx_HAL_Driver/Src/stm32f4xx_hal_gpio.o
LOAD ./Drivers/STM32F4xx_HAL_Driver/Src/stm32f4xx_hal_hcd.o
LOAD ./Drivers/STM32F4xx_HAL_Driver/Src/stm32f4xx_hal_i2c.o
LOAD ./Drivers/STM32F4xx_HAL_Driver/Src/stm32f4xx_hal_i2c_ex.o
LOAD ./Drivers/STM32F4xx_HAL_Driver/Src/stm32f4xx_hal_ltdc.o
LOAD ./Drivers/STM32F4xx_HAL_Driver/Src/stm32f4xx_hal_ltdc_ex.o
LOAD ./Drivers/STM32F4xx_HAL_Driver/Src/stm32f4xx_hal_pwr.o
LOAD ./Drivers/STM32F4xx_HAL_Driver/Src/stm32f4xx_hal_pwr_ex.o
LOAD ./Drivers/STM32F4xx_HAL_Driver/Src/stm32f4xx_hal_rcc.o
LOAD ./Drivers/STM32F4xx_HAL_Driver/Src/stm32f4xx_hal_rcc_ex.o
LOAD ./Drivers/STM32F4xx_HAL_Driver/Src/stm32f4xx_hal_sdram.o
LOAD ./Drivers/STM32F4xx_HAL_Driver/Src/stm32f4xx_hal_spi.o
LOAD ./Drivers/STM32F4xx_HAL_Driver/Src/stm32f4xx_hal_tim.o
LOAD ./Drivers/STM32F4xx_HAL_Driver/Src/stm32f4xx_hal_tim_ex.o
LOAD ./Drivers/STM32F4xx_HAL_Driver/Src/stm32f4xx_hal_uart.o
LOAD ./Drivers/STM32F4xx_HAL_Driver/Src/stm32f4xx_ll_fmc.o
LOAD ./Drivers/STM32F4xx_HAL_Driver/Src/stm32f4xx_ll_usb.o
LOAD ../Drivers/CMSIS/Lib/GCC\libarm_cortexM4lf_math.a
START GROUP
LOAD c:/st/stm32cubeide_1.7.0/stm32cubeide/plugins/com.st.stm32cube.ide.mcu.externaltools.gnu-tools-for-stm32.9-2020-q2-update.win32_2.0.0.202105311346/tools/bin/../lib/gcc/arm-none-eabi/9.3.1/../../../../arm-none-eabi/lib/thumb/v7e-m+fp/hard\libc_nano.a
LOAD c:/st/stm32cubeide_1.7.0/stm32cubeide/plugins/com.st.stm32cube.ide.mcu.externaltools.gnu-tools-for-stm32.9-2020-q2-update.win32_2.0.0.202105311346/tools/bin/../lib/gcc/arm-none-eabi/9.3.1/../../../../arm-none-eabi/lib/thumb/v7e-m+fp/hard\libm.a
END GROUP
START GROUP
LOAD c:/st/stm32cubeide_1.7.0/stm32cubeide/plugins/com.st.stm32cube.ide.mcu.externaltools.gnu-tools-for-stm32.9-2020-q2-update.win32_2.0.0.202105311346/tools/bin/../lib/gcc/arm-none-eabi/9.3.1/thumb/v7e-m+fp/hard\libgcc.a
LOAD c:/st/stm32cubeide_1.7.0/stm32cubeide/plugins/com.st.stm32cube.ide.mcu.externaltools.gnu-tools-for-stm32.9-2020-q2-update.win32_2.0.0.202105311346/tools/bin/../lib/gcc/arm-none-eabi/9.3.1/../../../../arm-none-eabi/lib/thumb/v7e-m+fp/hard\libc_nano.a
END GROUP
START GROUP
LOAD c:/st/stm32cubeide_1.7.0/stm32cubeide/plugins/com.st.stm32cube.ide.mcu.externaltools.gnu-tools-for-stm32.9-2020-q2-update.win32_2.0.0.202105311346/tools/bin/../lib/gcc/arm-none-eabi/9.3.1/thumb/v7e-m+fp/hard\libgcc.a
LOAD c:/st/stm32cubeide_1.7.0/stm32cubeide/plugins/com.st.stm32cube.ide.mcu.externaltools.gnu-tools-for-stm32.9-2020-q2-update.win32_2.0.0.202105311346/tools/bin/../lib/gcc/arm-none-eabi/9.3.1/../../../../arm-none-eabi/lib/thumb/v7e-m+fp/hard\libc_nano.a
LOAD c:/st/stm32cubeide_1.7.0/stm32cubeide/plugins/com.st.stm32cube.ide.mcu.externaltools.gnu-tools-for-stm32.9-2020-q2-update.win32_2.0.0.202105311346/tools/bin/../lib/gcc/arm-none-eabi/9.3.1/../../../../arm-none-eabi/lib/thumb/v7e-m+fp/hard\libnosys.a
END GROUP
START GROUP
LOAD c:/st/stm32cubeide_1.7.0/stm32cubeide/plugins/com.st.stm32cube.ide.mcu.externaltools.gnu-tools-for-stm32.9-2020-q2-update.win32_2.0.0.202105311346/tools/bin/../lib/gcc/arm-none-eabi/9.3.1/thumb/v7e-m+fp/hard\libgcc.a
LOAD c:/st/stm32cubeide_1.7.0/stm32cubeide/plugins/com.st.stm32cube.ide.mcu.externaltools.gnu-tools-for-stm32.9-2020-q2-update.win32_2.0.0.202105311346/tools/bin/../lib/gcc/arm-none-eabi/9.3.1/../../../../arm-none-eabi/lib/thumb/v7e-m+fp/hard\libc_nano.a
LOAD c:/st/stm32cubeide_1.7.0/stm32cubeide/plugins/com.st.stm32cube.ide.mcu.externaltools.gnu-tools-for-stm32.9-2020-q2-update.win32_2.0.0.202105311346/tools/bin/../lib/gcc/arm-none-eabi/9.3.1/../../../../arm-none-eabi/lib/thumb/v7e-m+fp/hard\libnosys.a
END GROUP
LOAD c:/st/stm32cubeide_1.7.0/stm32cubeide/plugins/com.st.stm32cube.ide.mcu.externaltools.gnu-tools-for-stm32.9-2020-q2-update.win32_2.0.0.202105311346/tools/bin/../lib/gcc/arm-none-eabi/9.3.1/thumb/v7e-m+fp/hard/crtend.o
LOAD c:/st/stm32cubeide_1.7.0/stm32cubeide/plugins/com.st.stm32cube.ide.mcu.externaltools.gnu-tools-for-stm32.9-2020-q2-update.win32_2.0.0.202105311346/tools/bin/../lib/gcc/arm-none-eabi/9.3.1/thumb/v7e-m+fp/hard/crtn.o
                0x0000000020030000                _estack = (ORIGIN (RAM) + LENGTH (RAM))
                0x0000000000000200                _Min_Heap_Size = 0x200
                0x0000000000000400                _Min_Stack_Size = 0x400

.isr_vector     0x0000000008000000      0x1ac
                0x0000000008000000                . = ALIGN (0x4)
 *(.isr_vector)
 .isr_vector    0x0000000008000000      0x1ac ./Core/Startup/startup_stm32f429zitx.o
                0x0000000008000000                g_pfnVectors
                0x00000000080001ac                . = ALIGN (0x4)

.text           0x00000000080001b0     0xf194
                0x00000000080001b0                . = ALIGN (0x4)
 *(.text)
 .text          0x00000000080001b0       0x40 c:/st/stm32cubeide_1.7.0/stm32cubeide/plugins/com.st.stm32cube.ide.mcu.externaltools.gnu-tools-for-stm32.9-2020-q2-update.win32_2.0.0.202105311346/tools/bin/../lib/gcc/arm-none-eabi/9.3.1/thumb/v7e-m+fp/hard/crtbegin.o
 .text          0x00000000080001f0       0x10 c:/st/stm32cubeide_1.7.0/stm32cubeide/plugins/com.st.stm32cube.ide.mcu.externaltools.gnu-tools-for-stm32.9-2020-q2-update.win32_2.0.0.202105311346/tools/bin/../lib/gcc/arm-none-eabi/9.3.1/../../../../arm-none-eabi/lib/thumb/v7e-m+fp/hard\libc_nano.a(lib_a-strlen.o)
                0x00000000080001f0                strlen
 .text          0x0000000008000200       0xa0 c:/st/stm32cubeide_1.7.0/stm32cubeide/plugins/com.st.stm32cube.ide.mcu.externaltools.gnu-tools-for-stm32.9-2020-q2-update.win32_2.0.0.202105311346/tools/bin/../lib/gcc/arm-none-eabi/9.3.1/../../../../arm-none-eabi/lib/thumb/v7e-m+fp/hard\libc_nano.a(lib_a-memchr.o)
                0x0000000008000200                memchr
 .text          0x00000000080002a0      0x378 c:/st/stm32cubeide_1.7.0/stm32cubeide/plugins/com.st.stm32cube.ide.mcu.externaltools.gnu-tools-for-stm32.9-2020-q2-update.win32_2.0.0.202105311346/tools/bin/../lib/gcc/arm-none-eabi/9.3.1/thumb/v7e-m+fp/hard\libgcc.a(_arm_addsubdf3.o)
                0x00000000080002a0                __aeabi_drsub
                0x00000000080002a8                __aeabi_dsub
                0x00000000080002a8                __subdf3
                0x00000000080002ac                __aeabi_dadd
                0x00000000080002ac                __adddf3
                0x0000000008000524                __floatunsidf
                0x0000000008000524                __aeabi_ui2d
                0x0000000008000544                __floatsidf
                0x0000000008000544                __aeabi_i2d
                0x0000000008000568                __aeabi_f2d
                0x0000000008000568                __extendsfdf2
                0x00000000080005ac                __floatundidf
                0x00000000080005ac                __aeabi_ul2d
                0x00000000080005bc                __floatdidf
                0x00000000080005bc                __aeabi_l2d
 .text          0x0000000008000618      0x424 c:/st/stm32cubeide_1.7.0/stm32cubeide/plugins/com.st.stm32cube.ide.mcu.externaltools.gnu-tools-for-stm32.9-2020-q2-update.win32_2.0.0.202105311346/tools/bin/../lib/gcc/arm-none-eabi/9.3.1/thumb/v7e-m+fp/hard\libgcc.a(_arm_muldivdf3.o)
                0x0000000008000618                __aeabi_dmul
                0x0000000008000618                __muldf3
                0x000000000800086c                __divdf3
                0x000000000800086c                __aeabi_ddiv
 .text          0x0000000008000a3c      0x110 c:/st/stm32cubeide_1.7.0/stm32cubeide/plugins/com.st.stm32cube.ide.mcu.externaltools.gnu-tools-for-stm32.9-2020-q2-update.win32_2.0.0.202105311346/tools/bin/../lib/gcc/arm-none-eabi/9.3.1/thumb/v7e-m+fp/hard\libgcc.a(_arm_cmpdf2.o)
                0x0000000008000a3c                __gtdf2
                0x0000000008000a3c                __gedf2
                0x0000000008000a44                __ltdf2
                0x0000000008000a44                __ledf2
                0x0000000008000a4c                __nedf2
                0x0000000008000a4c                __eqdf2
                0x0000000008000a4c                __cmpdf2
                0x0000000008000ac8                __aeabi_cdrcmple
                0x0000000008000ad8                __aeabi_cdcmpeq
                0x0000000008000ad8                __aeabi_cdcmple
                0x0000000008000ae8                __aeabi_dcmpeq
                0x0000000008000afc                __aeabi_dcmplt
                0x0000000008000b10                __aeabi_dcmple
                0x0000000008000b24                __aeabi_dcmpge
                0x0000000008000b38                __aeabi_dcmpgt
 .text          0x0000000008000b4c       0x2c c:/st/stm32cubeide_1.7.0/stm32cubeide/plugins/com.st.stm32cube.ide.mcu.externaltools.gnu-tools-for-stm32.9-2020-q2-update.win32_2.0.0.202105311346/tools/bin/../lib/gcc/arm-none-eabi/9.3.1/thumb/v7e-m+fp/hard\libgcc.a(_arm_unorddf2.o)
                0x0000000008000b4c                __unorddf2
                0x0000000008000b4c                __aeabi_dcmpun
 .text          0x0000000008000b78       0x50 c:/st/stm32cubeide_1.7.0/stm32cubeide/plugins/com.st.stm32cube.ide.mcu.externaltools.gnu-tools-for-stm32.9-2020-q2-update.win32_2.0.0.202105311346/tools/bin/../lib/gcc/arm-none-eabi/9.3.1/thumb/v7e-m+fp/hard\libgcc.a(_arm_fixdfsi.o)
                0x0000000008000b78                __aeabi_d2iz
                0x0000000008000b78                __fixdfsi
 .text          0x0000000008000bc8       0xa0 c:/st/stm32cubeide_1.7.0/stm32cubeide/plugins/com.st.stm32cube.ide.mcu.externaltools.gnu-tools-for-stm32.9-2020-q2-update.win32_2.0.0.202105311346/tools/bin/../lib/gcc/arm-none-eabi/9.3.1/thumb/v7e-m+fp/hard\libgcc.a(_arm_truncdfsf2.o)
                0x0000000008000bc8                __truncdfsf2
                0x0000000008000bc8                __aeabi_d2f
 .text          0x0000000008000c68       0x30 c:/st/stm32cubeide_1.7.0/stm32cubeide/plugins/com.st.stm32cube.ide.mcu.externaltools.gnu-tools-for-stm32.9-2020-q2-update.win32_2.0.0.202105311346/tools/bin/../lib/gcc/arm-none-eabi/9.3.1/thumb/v7e-m+fp/hard\libgcc.a(_aeabi_uldivmod.o)
                0x0000000008000c68                __aeabi_uldivmod
 .text          0x0000000008000c98      0x2c4 c:/st/stm32cubeide_1.7.0/stm32cubeide/plugins/com.st.stm32cube.ide.mcu.externaltools.gnu-tools-for-stm32.9-2020-q2-update.win32_2.0.0.202105311346/tools/bin/../lib/gcc/arm-none-eabi/9.3.1/thumb/v7e-m+fp/hard\libgcc.a(_udivmoddi4.o)
                0x0000000008000c98                __udivmoddi4
 .text          0x0000000008000f5c        0x4 c:/st/stm32cubeide_1.7.0/stm32cubeide/plugins/com.st.stm32cube.ide.mcu.externaltools.gnu-tools-for-stm32.9-2020-q2-update.win32_2.0.0.202105311346/tools/bin/../lib/gcc/arm-none-eabi/9.3.1/thumb/v7e-m+fp/hard\libgcc.a(_dvmd_tls.o)
                0x0000000008000f5c                __aeabi_idiv0
                0x0000000008000f5c                __aeabi_ldiv0
 *(.text*)
 .text.CALC_Angle
                0x0000000008000f60      0x130 ./Core/Src/analytics.o
                0x0000000008000f60                CALC_Angle
 .text.CALC_ElCurrent
                0x0000000008001090       0x6c ./Core/Src/analytics.o
                0x0000000008001090                CALC_ElCurrent
 .text.CALC_Distance
                0x00000000080010fc      0x184 ./Core/Src/analytics.o
                0x00000000080010fc                CALC_Distance
 .text.CALC_DistanceMode
                0x0000000008001280       0x5c ./Core/Src/analytics.o
                0x0000000008001280                CALC_DistanceMode
 .text.ANA_Handler
                0x00000000080012dc      0x5e0 ./Core/Src/analytics.o
                0x00000000080012dc                ANA_Handler
 .text.GUI_TS_GetState
                0x00000000080018bc       0x2a ./Core/Src/lcd_gui.o
                0x00000000080018bc                GUI_TS_GetState
 .text.GUI_LCD_FillRect
                0x00000000080018e6       0x5a ./Core/Src/lcd_gui.o
                0x00000000080018e6                GUI_LCD_FillRect
 .text.GUI_LCD_DrawRect
                0x0000000008001940       0x5a ./Core/Src/lcd_gui.o
                0x0000000008001940                GUI_LCD_DrawRect
 *fill*         0x000000000800199a        0x2 
 .text.GUI_DrawHint
                0x000000000800199c       0xac ./Core/Src/lcd_gui.o
                0x000000000800199c                GUI_DrawHint
 .text.GUI_DrawModeSel
                0x0000000008001a48      0x16c ./Core/Src/lcd_gui.o
                0x0000000008001a48                GUI_DrawModeSel
 .text.GUI_DrawTopMode
                0x0000000008001bb4      0x228 ./Core/Src/lcd_gui.o
                0x0000000008001bb4                GUI_DrawTopMode
 .text.GUI_DrawTopOptions
                0x0000000008001ddc      0x1d0 ./Core/Src/lcd_gui.o
                0x0000000008001ddc                GUI_DrawTopOptions
 .text.GUI_ClearSite
                0x0000000008001fac       0x1c ./Core/Src/lcd_gui.o
                0x0000000008001fac                GUI_ClearSite
 .text.GUI_DrawMeasurement
                0x0000000008001fc8      0x300 ./Core/Src/lcd_gui.o
                0x0000000008001fc8                GUI_DrawMeasurement
 .text.GUI_DrawOptions
                0x00000000080022c8      0x2e8 ./Core/Src/lcd_gui.o
                0x00000000080022c8                GUI_DrawOptions
 .text.GUI_DrawRaw
                0x00000000080025b0      0x120 ./Core/Src/lcd_gui.o
                0x00000000080025b0                GUI_DrawRaw
 .text.GUI_SiteHandler
                0x00000000080026d0      0x1b8 ./Core/Src/lcd_gui.o
                0x00000000080026d0                GUI_SiteHandler
 .text.GUI_TSHandler
                0x0000000008002888      0x45c ./Core/Src/lcd_gui.o
                0x0000000008002888                GUI_TSHandler
 .text.main     0x0000000008002ce4      0x28c ./Core/Src/main.o
                0x0000000008002ce4                main
 .text.SystemClock_Config
                0x0000000008002f70       0xfc ./Core/Src/main.o
 .text.gyro_disable
                0x000000000800306c       0xc0 ./Core/Src/main.o
 .text.__NVIC_EnableIRQ
                0x000000000800312c       0x3c ./Core/Src/measuring.o
 .text.__NVIC_DisableIRQ
                0x0000000008003168       0x48 ./Core/Src/measuring.o
 .text.__NVIC_ClearPendingIRQ
                0x00000000080031b0       0x3c ./Core/Src/measuring.o
 .text.MEAS_GPIO_analog_init
                0x00000000080031ec       0x88 ./Core/Src/measuring.o
                0x00000000080031ec                MEAS_GPIO_analog_init
 .text.ADC_reset
                0x0000000008003274       0x3c ./Core/Src/measuring.o
                0x0000000008003274                ADC_reset
 .text.MEAS_timer_init
                0x00000000080032b0       0x6c ./Core/Src/measuring.o
                0x00000000080032b0                MEAS_timer_init
 .text.ADC3_IN13_IN4_scan_init
                0x000000000800331c      0x138 ./Core/Src/measuring.o
                0x000000000800331c                ADC3_IN13_IN4_scan_init
 .text.ADC3_IN11_IN6_scan_init
                0x0000000008003454      0x138 ./Core/Src/measuring.o
                0x0000000008003454                ADC3_IN11_IN6_scan_init
 .text.ADC3_dual_scan_start
                0x000000000800358c       0x44 ./Core/Src/measuring.o
                0x000000000800358c                ADC3_dual_scan_start
 .text.TIM2_IRQHandler
                0x00000000080035d0       0x1e ./Core/Src/measuring.o
                0x00000000080035d0                TIM2_IRQHandler
 *fill*         0x00000000080035ee        0x2 
 .text.ADC_IRQHandler
                0x00000000080035f0       0x68 ./Core/Src/measuring.o
                0x00000000080035f0                ADC_IRQHandler
 .text.DMA2_Stream1_IRQHandler
                0x0000000008003658       0x8c ./Core/Src/measuring.o
                0x0000000008003658                DMA2_Stream1_IRQHandler
 .text.MEAS_analyse_data
                0x00000000080036e4      0x338 ./Core/Src/measuring.o
                0x00000000080036e4                MEAS_analyse_data
 .text.MENU_check_transition
                0x0000000008003a1c       0x94 ./Core/Src/menu.o
                0x0000000008003a1c                MENU_check_transition
 .text.EXTI15_10_IRQHandler
                0x0000000008003ab0       0x44 ./Core/Src/menu.o
                0x0000000008003ab0                EXTI15_10_IRQHandler
 .text.__NVIC_EnableIRQ
                0x0000000008003af4       0x3c ./Core/Src/pushbutton.o
 .text.__NVIC_ClearPendingIRQ
                0x0000000008003b30       0x3c ./Core/Src/pushbutton.o
 .text.PB_init  0x0000000008003b6c       0x40 ./Core/Src/pushbutton.o
                0x0000000008003b6c                PB_init
 .text.PB_enableIRQ
                0x0000000008003bac       0x64 ./Core/Src/pushbutton.o
                0x0000000008003bac                PB_enableIRQ
 .text.PB_pressed
                0x0000000008003c10       0x24 ./Core/Src/pushbutton.o
                0x0000000008003c10                PB_pressed
 .text.EXTI0_IRQHandler
                0x0000000008003c34       0x34 ./Core/Src/pushbutton.o
                0x0000000008003c34                EXTI0_IRQHandler
 .text.NMI_Handler
                0x0000000008003c68        0xe ./Core/Src/stm32f4xx_it.o
                0x0000000008003c68                NMI_Handler
 .text.HardFault_Handler
                0x0000000008003c76        0x6 ./Core/Src/stm32f4xx_it.o
                0x0000000008003c76                HardFault_Handler
 .text.MemManage_Handler
                0x0000000008003c7c        0x6 ./Core/Src/stm32f4xx_it.o
                0x0000000008003c7c                MemManage_Handler
 .text.BusFault_Handler
                0x0000000008003c82        0x6 ./Core/Src/stm32f4xx_it.o
                0x0000000008003c82                BusFault_Handler
 .text.UsageFault_Handler
                0x0000000008003c88        0x6 ./Core/Src/stm32f4xx_it.o
                0x0000000008003c88                UsageFault_Handler
 .text.SVC_Handler
                0x0000000008003c8e        0xe ./Core/Src/stm32f4xx_it.o
                0x0000000008003c8e                SVC_Handler
 .text.DebugMon_Handler
                0x0000000008003c9c        0xe ./Core/Src/stm32f4xx_it.o
                0x0000000008003c9c                DebugMon_Handler
 .text.PendSV_Handler
                0x0000000008003caa        0xe ./Core/Src/stm32f4xx_it.o
                0x0000000008003caa                PendSV_Handler
 .text.SysTick_Handler
                0x0000000008003cb8        0xc ./Core/Src/stm32f4xx_it.o
                0x0000000008003cb8                SysTick_Handler
 .text.SystemInit
                0x0000000008003cc4       0x6c ./Core/Src/system_stm32f4xx.o
                0x0000000008003cc4                SystemInit
 .text.Reset_Handler
                0x0000000008003d30       0x50 ./Core/Startup/startup_stm32f429zitx.o
                0x0000000008003d30                Reset_Handler
 .text.Default_Handler
                0x0000000008003d80        0x2 ./Core/Startup/startup_stm32f429zitx.o
                0x0000000008003d80                RTC_Alarm_IRQHandler
                0x0000000008003d80                HASH_RNG_IRQHandler
                0x0000000008003d80                EXTI2_IRQHandler
                0x0000000008003d80                TIM8_CC_IRQHandler
                0x0000000008003d80                UART8_IRQHandler
                0x0000000008003d80                SPI4_IRQHandler
                0x0000000008003d80                TIM1_CC_IRQHandler
                0x0000000008003d80                DMA2_Stream5_IRQHandler
                0x0000000008003d80                DMA1_Stream5_IRQHandler
                0x0000000008003d80                PVD_IRQHandler
                0x0000000008003d80                SDIO_IRQHandler
                0x0000000008003d80                TAMP_STAMP_IRQHandler
                0x0000000008003d80                CAN2_RX1_IRQHandler
                0x0000000008003d80                EXTI3_IRQHandler
                0x0000000008003d80                TIM8_TRG_COM_TIM14_IRQHandler
                0x0000000008003d80                TIM1_UP_TIM10_IRQHandler
                0x0000000008003d80                TIM8_UP_TIM13_IRQHandler
                0x0000000008003d80                I2C3_ER_IRQHandler
                0x0000000008003d80                I2C2_EV_IRQHandler
                0x0000000008003d80                DMA1_Stream2_IRQHandler
                0x0000000008003d80                CAN1_RX0_IRQHandler
                0x0000000008003d80                FPU_IRQHandler
                0x0000000008003d80                OTG_HS_WKUP_IRQHandler
                0x0000000008003d80                LTDC_ER_IRQHandler
                0x0000000008003d80                CAN2_SCE_IRQHandler
                0x0000000008003d80                DMA2_Stream2_IRQHandler
                0x0000000008003d80                SPI1_IRQHandler
                0x0000000008003d80                TIM6_DAC_IRQHandler
                0x0000000008003d80                TIM1_BRK_TIM9_IRQHandler
                0x0000000008003d80                DCMI_IRQHandler
                0x0000000008003d80                CAN2_RX0_IRQHandler
                0x0000000008003d80                DMA2_Stream3_IRQHandler
                0x0000000008003d80                USART6_IRQHandler
                0x0000000008003d80                USART3_IRQHandler
                0x0000000008003d80                CAN1_RX1_IRQHandler
                0x0000000008003d80                UART5_IRQHandler
                0x0000000008003d80                DMA2_Stream0_IRQHandler
                0x0000000008003d80                TIM4_IRQHandler
                0x0000000008003d80                I2C1_EV_IRQHandler
                0x0000000008003d80                DMA1_Stream6_IRQHandler
                0x0000000008003d80                DMA1_Stream1_IRQHandler
                0x0000000008003d80                UART4_IRQHandler
                0x0000000008003d80                TIM3_IRQHandler
                0x0000000008003d80                RCC_IRQHandler
                0x0000000008003d80                TIM8_BRK_TIM12_IRQHandler
                0x0000000008003d80                Default_Handler
                0x0000000008003d80                DMA1_Stream7_IRQHandler
                0x0000000008003d80                SPI5_IRQHandler
                0x0000000008003d80                TIM7_IRQHandler
                0x0000000008003d80                CAN2_TX_IRQHandler
                0x0000000008003d80                TIM5_IRQHandler
                0x0000000008003d80                DMA2_Stream7_IRQHandler
                0x0000000008003d80                I2C3_EV_IRQHandler
                0x0000000008003d80                EXTI9_5_IRQHandler
                0x0000000008003d80                RTC_WKUP_IRQHandler
                0x0000000008003d80                LTDC_IRQHandler
                0x0000000008003d80                ETH_WKUP_IRQHandler
                0x0000000008003d80                SPI2_IRQHandler
                0x0000000008003d80                OTG_HS_EP1_IN_IRQHandler
                0x0000000008003d80                DMA1_Stream0_IRQHandler
                0x0000000008003d80                CAN1_TX_IRQHandler
                0x0000000008003d80                EXTI4_IRQHandler
                0x0000000008003d80                ETH_IRQHandler
                0x0000000008003d80                OTG_HS_EP1_OUT_IRQHandler
                0x0000000008003d80                WWDG_IRQHandler
                0x0000000008003d80                SPI6_IRQHandler
                0x0000000008003d80                OTG_FS_WKUP_IRQHandler
                0x0000000008003d80                TIM1_TRG_COM_TIM11_IRQHandler
                0x0000000008003d80                OTG_HS_IRQHandler
                0x0000000008003d80                DMA2D_IRQHandler
                0x0000000008003d80                EXTI1_IRQHandler
                0x0000000008003d80                UART7_IRQHandler
                0x0000000008003d80                USART2_IRQHandler
                0x0000000008003d80                I2C2_ER_IRQHandler
                0x0000000008003d80                CAN1_SCE_IRQHandler
                0x0000000008003d80                FLASH_IRQHandler
                0x0000000008003d80                DMA2_Stream4_IRQHandler
                0x0000000008003d80                USART1_IRQHandler
                0x0000000008003d80                OTG_FS_IRQHandler
                0x0000000008003d80                SPI3_IRQHandler
                0x0000000008003d80                DMA1_Stream4_IRQHandler
                0x0000000008003d80                I2C1_ER_IRQHandler
                0x0000000008003d80                FMC_IRQHandler
                0x0000000008003d80                DMA2_Stream6_IRQHandler
                0x0000000008003d80                SAI1_IRQHandler
                0x0000000008003d80                DMA1_Stream3_IRQHandler
 .text.ili9341_Init
                0x0000000008003d82      0x294 ./Drivers/BSP/Components/ili9341/ili9341.o
                0x0000000008003d82                ili9341_Init
 .text.ili9341_ReadID
                0x0000000008004016       0x18 ./Drivers/BSP/Components/ili9341/ili9341.o
                0x0000000008004016                ili9341_ReadID
 .text.ili9341_DisplayOn
                0x000000000800402e        0xe ./Drivers/BSP/Components/ili9341/ili9341.o
                0x000000000800402e                ili9341_DisplayOn
 .text.ili9341_DisplayOff
                0x000000000800403c        0xe ./Drivers/BSP/Components/ili9341/ili9341.o
                0x000000000800403c                ili9341_DisplayOff
 .text.ili9341_WriteReg
                0x000000000800404a       0x1a ./Drivers/BSP/Components/ili9341/ili9341.o
                0x000000000800404a                ili9341_WriteReg
 .text.ili9341_WriteData
                0x0000000008004064       0x1a ./Drivers/BSP/Components/ili9341/ili9341.o
                0x0000000008004064                ili9341_WriteData
 .text.ili9341_ReadData
                0x000000000800407e       0x26 ./Drivers/BSP/Components/ili9341/ili9341.o
                0x000000000800407e                ili9341_ReadData
 .text.ili9341_GetLcdPixelWidth
                0x00000000080040a4       0x10 ./Drivers/BSP/Components/ili9341/ili9341.o
                0x00000000080040a4                ili9341_GetLcdPixelWidth
 .text.ili9341_GetLcdPixelHeight
                0x00000000080040b4       0x12 ./Drivers/BSP/Components/ili9341/ili9341.o
                0x00000000080040b4                ili9341_GetLcdPixelHeight
 *fill*         0x00000000080040c6        0x2 
 .text.stmpe811_Init
                0x00000000080040c8       0x50 ./Drivers/BSP/Components/stmpe811/stmpe811.o
                0x00000000080040c8                stmpe811_Init
 .text.stmpe811_Reset
                0x0000000008004118       0x3a ./Drivers/BSP/Components/stmpe811/stmpe811.o
                0x0000000008004118                stmpe811_Reset
 .text.stmpe811_ReadID
                0x0000000008004152       0x3e ./Drivers/BSP/Components/stmpe811/stmpe811.o
                0x0000000008004152                stmpe811_ReadID
 .text.stmpe811_EnableGlobalIT
                0x0000000008004190       0x3c ./Drivers/BSP/Components/stmpe811/stmpe811.o
                0x0000000008004190                stmpe811_EnableGlobalIT
 .text.stmpe811_DisableGlobalIT
                0x00000000080041cc       0x3c ./Drivers/BSP/Components/stmpe811/stmpe811.o
                0x00000000080041cc                stmpe811_DisableGlobalIT
 .text.stmpe811_EnableITSource
                0x0000000008004208       0x42 ./Drivers/BSP/Components/stmpe811/stmpe811.o
                0x0000000008004208                stmpe811_EnableITSource
 .text.stmpe811_DisableITSource
                0x000000000800424a       0x4c ./Drivers/BSP/Components/stmpe811/stmpe811.o
                0x000000000800424a                stmpe811_DisableITSource
 .text.stmpe811_ReadGITStatus
                0x0000000008004296       0x2e ./Drivers/BSP/Components/stmpe811/stmpe811.o
                0x0000000008004296                stmpe811_ReadGITStatus
 .text.stmpe811_ClearGlobalIT
                0x00000000080042c4       0x26 ./Drivers/BSP/Components/stmpe811/stmpe811.o
                0x00000000080042c4                stmpe811_ClearGlobalIT
 .text.stmpe811_IO_EnableAF
                0x00000000080042ea       0x48 ./Drivers/BSP/Components/stmpe811/stmpe811.o
                0x00000000080042ea                stmpe811_IO_EnableAF
 .text.stmpe811_TS_Start
                0x0000000008004332       0xf0 ./Drivers/BSP/Components/stmpe811/stmpe811.o
                0x0000000008004332                stmpe811_TS_Start
 .text.stmpe811_TS_DetectTouch
                0x0000000008004422       0x70 ./Drivers/BSP/Components/stmpe811/stmpe811.o
                0x0000000008004422                stmpe811_TS_DetectTouch
 .text.stmpe811_TS_GetXY
                0x0000000008004492       0x72 ./Drivers/BSP/Components/stmpe811/stmpe811.o
                0x0000000008004492                stmpe811_TS_GetXY
 .text.stmpe811_TS_EnableIT
                0x0000000008004504       0x28 ./Drivers/BSP/Components/stmpe811/stmpe811.o
                0x0000000008004504                stmpe811_TS_EnableIT
 .text.stmpe811_TS_DisableIT
                0x000000000800452c       0x24 ./Drivers/BSP/Components/stmpe811/stmpe811.o
                0x000000000800452c                stmpe811_TS_DisableIT
 .text.stmpe811_TS_ITStatus
                0x0000000008004550       0x1e ./Drivers/BSP/Components/stmpe811/stmpe811.o
                0x0000000008004550                stmpe811_TS_ITStatus
 .text.stmpe811_TS_ClearIT
                0x000000000800456e       0x1c ./Drivers/BSP/Components/stmpe811/stmpe811.o
                0x000000000800456e                stmpe811_TS_ClearIT
 *fill*         0x000000000800458a        0x2 
 .text.stmpe811_GetInstance
                0x000000000800458c       0x44 ./Drivers/BSP/Components/stmpe811/stmpe811.o
 .text.BSP_LED_Init
                0x00000000080045d0       0xa8 ./Drivers/BSP/STM32F429I-Discovery/stm32f429i_discovery.o
                0x00000000080045d0                BSP_LED_Init
 .text.BSP_LED_On
                0x0000000008004678       0x34 ./Drivers/BSP/STM32F429I-Discovery/stm32f429i_discovery.o
                0x0000000008004678                BSP_LED_On
 .text.BSP_LED_Off
                0x00000000080046ac       0x34 ./Drivers/BSP/STM32F429I-Discovery/stm32f429i_discovery.o
                0x00000000080046ac                BSP_LED_Off
 .text.BSP_LED_Toggle
                0x00000000080046e0       0x34 ./Drivers/BSP/STM32F429I-Discovery/stm32f429i_discovery.o
                0x00000000080046e0                BSP_LED_Toggle
 .text.I2Cx_MspInit
                0x0000000008004714       0xec ./Drivers/BSP/STM32F429I-Discovery/stm32f429i_discovery.o
 .text.I2Cx_Init
                0x0000000008004800       0x64 ./Drivers/BSP/STM32F429I-Discovery/stm32f429i_discovery.o
 .text.I2Cx_ITConfig
                0x0000000008004864       0x64 ./Drivers/BSP/STM32F429I-Discovery/stm32f429i_discovery.o
 .text.I2Cx_WriteData
                0x00000000080048c8       0x54 ./Drivers/BSP/STM32F429I-Discovery/stm32f429i_discovery.o
 .text.I2Cx_ReadData
                0x000000000800491c       0x58 ./Drivers/BSP/STM32F429I-Discovery/stm32f429i_discovery.o
 .text.I2Cx_ReadBuffer
                0x0000000008004974       0x5c ./Drivers/BSP/STM32F429I-Discovery/stm32f429i_discovery.o
 .text.I2Cx_Error
                0x00000000080049d0       0x18 ./Drivers/BSP/STM32F429I-Discovery/stm32f429i_discovery.o
 .text.SPIx_Init
                0x00000000080049e8       0x74 ./Drivers/BSP/STM32F429I-Discovery/stm32f429i_discovery.o
 .text.SPIx_Read
                0x0000000008004a5c       0x40 ./Drivers/BSP/STM32F429I-Discovery/stm32f429i_discovery.o
 .text.SPIx_Write
                0x0000000008004a9c       0x3c ./Drivers/BSP/STM32F429I-Discovery/stm32f429i_discovery.o
 .text.SPIx_Error
                0x0000000008004ad8       0x18 ./Drivers/BSP/STM32F429I-Discovery/stm32f429i_discovery.o
 .text.SPIx_MspInit
                0x0000000008004af0       0x74 ./Drivers/BSP/STM32F429I-Discovery/stm32f429i_discovery.o
 .text.LCD_IO_Init
                0x0000000008004b64       0xf0 ./Drivers/BSP/STM32F429I-Discovery/stm32f429i_discovery.o
                0x0000000008004b64                LCD_IO_Init
 .text.LCD_IO_WriteData
                0x0000000008004c54       0x44 ./Drivers/BSP/STM32F429I-Discovery/stm32f429i_discovery.o
                0x0000000008004c54                LCD_IO_WriteData
 .text.LCD_IO_WriteReg
                0x0000000008004c98       0x44 ./Drivers/BSP/STM32F429I-Discovery/stm32f429i_discovery.o
                0x0000000008004c98                LCD_IO_WriteReg
 .text.LCD_IO_ReadData
                0x0000000008004cdc       0x64 ./Drivers/BSP/STM32F429I-Discovery/stm32f429i_discovery.o
                0x0000000008004cdc                LCD_IO_ReadData
 .text.LCD_Delay
                0x0000000008004d40       0x16 ./Drivers/BSP/STM32F429I-Discovery/stm32f429i_discovery.o
                0x0000000008004d40                LCD_Delay
 .text.IOE_Init
                0x0000000008004d56        0xc ./Drivers/BSP/STM32F429I-Discovery/stm32f429i_discovery.o
                0x0000000008004d56                IOE_Init
 .text.IOE_ITConfig
                0x0000000008004d62        0xc ./Drivers/BSP/STM32F429I-Discovery/stm32f429i_discovery.o
                0x0000000008004d62                IOE_ITConfig
 .text.IOE_Write
                0x0000000008004d6e       0x26 ./Drivers/BSP/STM32F429I-Discovery/stm32f429i_discovery.o
                0x0000000008004d6e                IOE_Write
 .text.IOE_Read
                0x0000000008004d94       0x26 ./Drivers/BSP/STM32F429I-Discovery/stm32f429i_discovery.o
                0x0000000008004d94                IOE_Read
 .text.IOE_ReadMultiple
                0x0000000008004dba       0x2e ./Drivers/BSP/STM32F429I-Discovery/stm32f429i_discovery.o
                0x0000000008004dba                IOE_ReadMultiple
 .text.IOE_Delay
                0x0000000008004de8       0x16 ./Drivers/BSP/STM32F429I-Discovery/stm32f429i_discovery.o
                0x0000000008004de8                IOE_Delay
 *fill*         0x0000000008004dfe        0x2 
 .text.BSP_LCD_Init
                0x0000000008004e00       0xd4 ./Drivers/BSP/STM32F429I-Discovery/stm32f429i_discovery_lcd.o
                0x0000000008004e00                BSP_LCD_Init
 .text.BSP_LCD_GetXSize
                0x0000000008004ed4       0x18 ./Drivers/BSP/STM32F429I-Discovery/stm32f429i_discovery_lcd.o
                0x0000000008004ed4                BSP_LCD_GetXSize
 .text.BSP_LCD_GetYSize
                0x0000000008004eec       0x18 ./Drivers/BSP/STM32F429I-Discovery/stm32f429i_discovery_lcd.o
                0x0000000008004eec                BSP_LCD_GetYSize
 .text.BSP_LCD_LayerDefaultInit
                0x0000000008004f04       0xc8 ./Drivers/BSP/STM32F429I-Discovery/stm32f429i_discovery_lcd.o
                0x0000000008004f04                BSP_LCD_LayerDefaultInit
 .text.BSP_LCD_SelectLayer
                0x0000000008004fcc       0x20 ./Drivers/BSP/STM32F429I-Discovery/stm32f429i_discovery_lcd.o
                0x0000000008004fcc                BSP_LCD_SelectLayer
 .text.BSP_LCD_SetTextColor
                0x0000000008004fec       0x30 ./Drivers/BSP/STM32F429I-Discovery/stm32f429i_discovery_lcd.o
                0x0000000008004fec                BSP_LCD_SetTextColor
 .text.BSP_LCD_SetBackColor
                0x000000000800501c       0x34 ./Drivers/BSP/STM32F429I-Discovery/stm32f429i_discovery_lcd.o
                0x000000000800501c                BSP_LCD_SetBackColor
 .text.BSP_LCD_SetFont
                0x0000000008005050       0x34 ./Drivers/BSP/STM32F429I-Discovery/stm32f429i_discovery_lcd.o
                0x0000000008005050                BSP_LCD_SetFont
 .text.BSP_LCD_Clear
                0x0000000008005084       0x50 ./Drivers/BSP/STM32F429I-Discovery/stm32f429i_discovery_lcd.o
                0x0000000008005084                BSP_LCD_Clear
 .text.BSP_LCD_DisplayChar
                0x00000000080050d4       0x88 ./Drivers/BSP/STM32F429I-Discovery/stm32f429i_discovery_lcd.o
                0x00000000080050d4                BSP_LCD_DisplayChar
 .text.BSP_LCD_DisplayStringAt
                0x000000000800515c      0x17c ./Drivers/BSP/STM32F429I-Discovery/stm32f429i_discovery_lcd.o
                0x000000000800515c                BSP_LCD_DisplayStringAt
 .text.BSP_LCD_DrawHLine
                0x00000000080052d8       0x7c ./Drivers/BSP/STM32F429I-Discovery/stm32f429i_discovery_lcd.o
                0x00000000080052d8                BSP_LCD_DrawHLine
 .text.BSP_LCD_DrawVLine
                0x0000000008005354       0x84 ./Drivers/BSP/STM32F429I-Discovery/stm32f429i_discovery_lcd.o
                0x0000000008005354                BSP_LCD_DrawVLine
 .text.BSP_LCD_DrawLine
                0x00000000080053d8      0x194 ./Drivers/BSP/STM32F429I-Discovery/stm32f429i_discovery_lcd.o
                0x00000000080053d8                BSP_LCD_DrawLine
 .text.BSP_LCD_DrawRect
                0x000000000800556c       0x62 ./Drivers/BSP/STM32F429I-Discovery/stm32f429i_discovery_lcd.o
                0x000000000800556c                BSP_LCD_DrawRect
 *fill*         0x00000000080055ce        0x2 
 .text.BSP_LCD_DrawCircle
                0x00000000080055d0      0x1d4 ./Drivers/BSP/STM32F429I-Discovery/stm32f429i_discovery_lcd.o
                0x00000000080055d0                BSP_LCD_DrawCircle
 .text.BSP_LCD_FillRect
                0x00000000080057a4       0xb4 ./Drivers/BSP/STM32F429I-Discovery/stm32f429i_discovery_lcd.o
                0x00000000080057a4                BSP_LCD_FillRect
 .text.BSP_LCD_DisplayOn
                0x0000000008005858       0x20 ./Drivers/BSP/STM32F429I-Discovery/stm32f429i_discovery_lcd.o
                0x0000000008005858                BSP_LCD_DisplayOn
 .text.BSP_LCD_MspInit
                0x0000000008005878      0x1ac ./Drivers/BSP/STM32F429I-Discovery/stm32f429i_discovery_lcd.o
                0x0000000008005878                BSP_LCD_MspInit
 .text.BSP_LCD_DrawPixel
                0x0000000008005a24       0x50 ./Drivers/BSP/STM32F429I-Discovery/stm32f429i_discovery_lcd.o
                0x0000000008005a24                BSP_LCD_DrawPixel
 .text.DrawChar
                0x0000000008005a74      0x174 ./Drivers/BSP/STM32F429I-Discovery/stm32f429i_discovery_lcd.o
 .text.FillBuffer
                0x0000000008005be8       0x70 ./Drivers/BSP/STM32F429I-Discovery/stm32f429i_discovery_lcd.o
 .text.BSP_SDRAM_Init
                0x0000000008005c58       0xbc ./Drivers/BSP/STM32F429I-Discovery/stm32f429i_discovery_sdram.o
                0x0000000008005c58                BSP_SDRAM_Init
 .text.BSP_SDRAM_Initialization_sequence
                0x0000000008005d14       0xc0 ./Drivers/BSP/STM32F429I-Discovery/stm32f429i_discovery_sdram.o
                0x0000000008005d14                BSP_SDRAM_Initialization_sequence
 .text.BSP_SDRAM_MspInit
                0x0000000008005dd4      0x218 ./Drivers/BSP/STM32F429I-Discovery/stm32f429i_discovery_sdram.o
                0x0000000008005dd4                BSP_SDRAM_MspInit
 .text.BSP_TS_Init
                0x0000000008005fec       0x74 ./Drivers/BSP/STM32F429I-Discovery/stm32f429i_discovery_ts.o
                0x0000000008005fec                BSP_TS_Init
 .text.BSP_TS_ITGetStatus
                0x0000000008006060       0x18 ./Drivers/BSP/STM32F429I-Discovery/stm32f429i_discovery_ts.o
                0x0000000008006060                BSP_TS_ITGetStatus
 .text.BSP_TS_GetState
                0x0000000008006078      0x164 ./Drivers/BSP/STM32F429I-Discovery/stm32f429i_discovery_ts.o
                0x0000000008006078                BSP_TS_GetState
 .text.BSP_TS_ITClear
                0x00000000080061dc       0x18 ./Drivers/BSP/STM32F429I-Discovery/stm32f429i_discovery_ts.o
                0x00000000080061dc                BSP_TS_ITClear
 .text.HAL_Init
                0x00000000080061f4       0x44 ./Drivers/STM32F4xx_HAL_Driver/Src/stm32f4xx_hal.o
                0x00000000080061f4                HAL_Init
 .text.HAL_MspInit
                0x0000000008006238        0xe ./Drivers/STM32F4xx_HAL_Driver/Src/stm32f4xx_hal.o
                0x0000000008006238                HAL_MspInit
 *fill*         0x0000000008006246        0x2 
 .text.HAL_InitTick
                0x0000000008006248       0x60 ./Drivers/STM32F4xx_HAL_Driver/Src/stm32f4xx_hal.o
                0x0000000008006248                HAL_InitTick
 .text.HAL_IncTick
                0x00000000080062a8       0x28 ./Drivers/STM32F4xx_HAL_Driver/Src/stm32f4xx_hal.o
                0x00000000080062a8                HAL_IncTick
 .text.HAL_GetTick
                0x00000000080062d0       0x18 ./Drivers/STM32F4xx_HAL_Driver/Src/stm32f4xx_hal.o
                0x00000000080062d0                HAL_GetTick
 .text.HAL_Delay
                0x00000000080062e8       0x48 ./Drivers/STM32F4xx_HAL_Driver/Src/stm32f4xx_hal.o
                0x00000000080062e8                HAL_Delay
 .text.__NVIC_SetPriorityGrouping
                0x0000000008006330       0x48 ./Drivers/STM32F4xx_HAL_Driver/Src/stm32f4xx_hal_cortex.o
 .text.__NVIC_GetPriorityGrouping
                0x0000000008006378       0x1c ./Drivers/STM32F4xx_HAL_Driver/Src/stm32f4xx_hal_cortex.o
 .text.__NVIC_EnableIRQ
                0x0000000008006394       0x3c ./Drivers/STM32F4xx_HAL_Driver/Src/stm32f4xx_hal_cortex.o
 .text.__NVIC_SetPriority
                0x00000000080063d0       0x54 ./Drivers/STM32F4xx_HAL_Driver/Src/stm32f4xx_hal_cortex.o
 .text.NVIC_EncodePriority
                0x0000000008006424       0x66 ./Drivers/STM32F4xx_HAL_Driver/Src/stm32f4xx_hal_cortex.o
 *fill*         0x000000000800648a        0x2 
 .text.SysTick_Config
                0x000000000800648c       0x44 ./Drivers/STM32F4xx_HAL_Driver/Src/stm32f4xx_hal_cortex.o
 .text.HAL_NVIC_SetPriorityGrouping
                0x00000000080064d0       0x16 ./Drivers/STM32F4xx_HAL_Driver/Src/stm32f4xx_hal_cortex.o
                0x00000000080064d0                HAL_NVIC_SetPriorityGrouping
 .text.HAL_NVIC_SetPriority
                0x00000000080064e6       0x38 ./Drivers/STM32F4xx_HAL_Driver/Src/stm32f4xx_hal_cortex.o
                0x00000000080064e6                HAL_NVIC_SetPriority
 .text.HAL_NVIC_EnableIRQ
                0x000000000800651e       0x1c ./Drivers/STM32F4xx_HAL_Driver/Src/stm32f4xx_hal_cortex.o
                0x000000000800651e                HAL_NVIC_EnableIRQ
 .text.HAL_SYSTICK_Config
                0x000000000800653a       0x18 ./Drivers/STM32F4xx_HAL_Driver/Src/stm32f4xx_hal_cortex.o
                0x000000000800653a                HAL_SYSTICK_Config
 *fill*         0x0000000008006552        0x2 
 .text.HAL_DMA_Init
                0x0000000008006554      0x15c ./Drivers/STM32F4xx_HAL_Driver/Src/stm32f4xx_hal_dma.o
                0x0000000008006554                HAL_DMA_Init
 .text.HAL_DMA_DeInit
                0x00000000080066b0       0xbc ./Drivers/STM32F4xx_HAL_Driver/Src/stm32f4xx_hal_dma.o
                0x00000000080066b0                HAL_DMA_DeInit
 .text.DMA_CalcBaseAndBitshift
                0x000000000800676c       0x6c ./Drivers/STM32F4xx_HAL_Driver/Src/stm32f4xx_hal_dma.o
 .text.DMA_CheckFifoParam
                0x00000000080067d8       0xf8 ./Drivers/STM32F4xx_HAL_Driver/Src/stm32f4xx_hal_dma.o
 .text.HAL_DMA2D_Init
                0x00000000080068d0       0x92 ./Drivers/STM32F4xx_HAL_Driver/Src/stm32f4xx_hal_dma2d.o
                0x00000000080068d0                HAL_DMA2D_Init
 .text.HAL_DMA2D_MspInit
                0x0000000008006962       0x14 ./Drivers/STM32F4xx_HAL_Driver/Src/stm32f4xx_hal_dma2d.o
                0x0000000008006962                HAL_DMA2D_MspInit
 .text.HAL_DMA2D_Start
                0x0000000008006976       0x56 ./Drivers/STM32F4xx_HAL_Driver/Src/stm32f4xx_hal_dma2d.o
                0x0000000008006976                HAL_DMA2D_Start
 .text.HAL_DMA2D_PollForTransfer
                0x00000000080069cc      0x1d2 ./Drivers/STM32F4xx_HAL_Driver/Src/stm32f4xx_hal_dma2d.o
                0x00000000080069cc                HAL_DMA2D_PollForTransfer
 *fill*         0x0000000008006b9e        0x2 
 .text.HAL_DMA2D_ConfigLayer
                0x0000000008006ba0      0x124 ./Drivers/STM32F4xx_HAL_Driver/Src/stm32f4xx_hal_dma2d.o
                0x0000000008006ba0                HAL_DMA2D_ConfigLayer
 .text.DMA2D_SetConfig
                0x0000000008006cc4      0x138 ./Drivers/STM32F4xx_HAL_Driver/Src/stm32f4xx_hal_dma2d.o
 .text.HAL_GPIO_Init
                0x0000000008006dfc      0x358 ./Drivers/STM32F4xx_HAL_Driver/Src/stm32f4xx_hal_gpio.o
                0x0000000008006dfc                HAL_GPIO_Init
 .text.HAL_GPIO_WritePin
                0x0000000008007154       0x32 ./Drivers/STM32F4xx_HAL_Driver/Src/stm32f4xx_hal_gpio.o
                0x0000000008007154                HAL_GPIO_WritePin
 .text.HAL_GPIO_TogglePin
                0x0000000008007186       0x36 ./Drivers/STM32F4xx_HAL_Driver/Src/stm32f4xx_hal_gpio.o
                0x0000000008007186                HAL_GPIO_TogglePin
 .text.HAL_I2C_Init
                0x00000000080071bc      0x288 ./Drivers/STM32F4xx_HAL_Driver/Src/stm32f4xx_hal_i2c.o
                0x00000000080071bc                HAL_I2C_Init
 .text.HAL_I2C_DeInit
                0x0000000008007444       0x5e ./Drivers/STM32F4xx_HAL_Driver/Src/stm32f4xx_hal_i2c.o
                0x0000000008007444                HAL_I2C_DeInit
 .text.HAL_I2C_MspInit
                0x00000000080074a2       0x14 ./Drivers/STM32F4xx_HAL_Driver/Src/stm32f4xx_hal_i2c.o
                0x00000000080074a2                HAL_I2C_MspInit
 .text.HAL_I2C_MspDeInit
                0x00000000080074b6       0x14 ./Drivers/STM32F4xx_HAL_Driver/Src/stm32f4xx_hal_i2c.o
                0x00000000080074b6                HAL_I2C_MspDeInit
 *fill*         0x00000000080074ca        0x2 
 .text.HAL_I2C_Mem_Write
                0x00000000080074cc      0x1f4 ./Drivers/STM32F4xx_HAL_Driver/Src/stm32f4xx_hal_i2c.o
                0x00000000080074cc                HAL_I2C_Mem_Write
 .text.HAL_I2C_Mem_Read
                0x00000000080076c0      0x44c ./Drivers/STM32F4xx_HAL_Driver/Src/stm32f4xx_hal_i2c.o
                0x00000000080076c0                HAL_I2C_Mem_Read
 .text.HAL_I2C_GetState
                0x0000000008007b0c       0x1c ./Drivers/STM32F4xx_HAL_Driver/Src/stm32f4xx_hal_i2c.o
                0x0000000008007b0c                HAL_I2C_GetState
 .text.I2C_RequestMemoryWrite
                0x0000000008007b28      0x128 ./Drivers/STM32F4xx_HAL_Driver/Src/stm32f4xx_hal_i2c.o
 .text.I2C_RequestMemoryRead
                0x0000000008007c50      0x1cc ./Drivers/STM32F4xx_HAL_Driver/Src/stm32f4xx_hal_i2c.o
 .text.I2C_WaitOnFlagUntilTimeout
                0x0000000008007e1c       0xae ./Drivers/STM32F4xx_HAL_Driver/Src/stm32f4xx_hal_i2c.o
 .text.I2C_WaitOnMasterAddressFlagUntilTimeout
                0x0000000008007eca       0xfe ./Drivers/STM32F4xx_HAL_Driver/Src/stm32f4xx_hal_i2c.o
 .text.I2C_WaitOnTXEFlagUntilTimeout
                0x0000000008007fc8       0x82 ./Drivers/STM32F4xx_HAL_Driver/Src/stm32f4xx_hal_i2c.o
 .text.I2C_WaitOnBTFFlagUntilTimeout
                0x000000000800804a       0x82 ./Drivers/STM32F4xx_HAL_Driver/Src/stm32f4xx_hal_i2c.o
 .text.I2C_WaitOnRXNEFlagUntilTimeout
                0x00000000080080cc       0xac ./Drivers/STM32F4xx_HAL_Driver/Src/stm32f4xx_hal_i2c.o
 .text.I2C_IsAcknowledgeFailed
                0x0000000008008178       0x5e ./Drivers/STM32F4xx_HAL_Driver/Src/stm32f4xx_hal_i2c.o
 *fill*         0x00000000080081d6        0x2 
 .text.HAL_LTDC_Init
                0x00000000080081d8      0x1a0 ./Drivers/STM32F4xx_HAL_Driver/Src/stm32f4xx_hal_ltdc.o
                0x00000000080081d8                HAL_LTDC_Init
 .text.HAL_LTDC_MspInit
                0x0000000008008378       0x14 ./Drivers/STM32F4xx_HAL_Driver/Src/stm32f4xx_hal_ltdc.o
                0x0000000008008378                HAL_LTDC_MspInit
 .text.HAL_LTDC_ConfigLayer
                0x000000000800838c       0x7c ./Drivers/STM32F4xx_HAL_Driver/Src/stm32f4xx_hal_ltdc.o
                0x000000000800838c                HAL_LTDC_ConfigLayer
 .text.HAL_LTDC_EnableDither
                0x0000000008008408       0x54 ./Drivers/STM32F4xx_HAL_Driver/Src/stm32f4xx_hal_ltdc.o
                0x0000000008008408                HAL_LTDC_EnableDither
 .text.LTDC_SetConfig
                0x000000000800845c      0x32e ./Drivers/STM32F4xx_HAL_Driver/Src/stm32f4xx_hal_ltdc.o
 *fill*         0x000000000800878a        0x2 
 .text.HAL_RCC_OscConfig
                0x000000000800878c      0x4e0 ./Drivers/STM32F4xx_HAL_Driver/Src/stm32f4xx_hal_rcc.o
                0x000000000800878c                HAL_RCC_OscConfig
 .text.HAL_RCC_ClockConfig
                0x0000000008008c6c      0x1cc ./Drivers/STM32F4xx_HAL_Driver/Src/stm32f4xx_hal_rcc.o
                0x0000000008008c6c                HAL_RCC_ClockConfig
 .text.HAL_RCC_GetSysClockFreq
                0x0000000008008e38      0x1c4 ./Drivers/STM32F4xx_HAL_Driver/Src/stm32f4xx_hal_rcc.o
                0x0000000008008e38                HAL_RCC_GetSysClockFreq
 .text.HAL_RCC_GetHCLKFreq
                0x0000000008008ffc       0x18 ./Drivers/STM32F4xx_HAL_Driver/Src/stm32f4xx_hal_rcc.o
                0x0000000008008ffc                HAL_RCC_GetHCLKFreq
 .text.HAL_RCC_GetPCLK1Freq
                0x0000000008009014       0x28 ./Drivers/STM32F4xx_HAL_Driver/Src/stm32f4xx_hal_rcc.o
                0x0000000008009014                HAL_RCC_GetPCLK1Freq
 .text.HAL_RCCEx_PeriphCLKConfig
                0x000000000800903c      0x37c ./Drivers/STM32F4xx_HAL_Driver/Src/stm32f4xx_hal_rcc_ex.o
                0x000000000800903c                HAL_RCCEx_PeriphCLKConfig
 .text.HAL_SDRAM_Init
                0x00000000080093b8       0x68 ./Drivers/STM32F4xx_HAL_Driver/Src/stm32f4xx_hal_sdram.o
                0x00000000080093b8                HAL_SDRAM_Init
 .text.HAL_SDRAM_MspInit
                0x0000000008009420       0x14 ./Drivers/STM32F4xx_HAL_Driver/Src/stm32f4xx_hal_sdram.o
                0x0000000008009420                HAL_SDRAM_MspInit
 .text.HAL_SDRAM_SendCommand
                0x0000000008009434       0x56 ./Drivers/STM32F4xx_HAL_Driver/Src/stm32f4xx_hal_sdram.o
                0x0000000008009434                HAL_SDRAM_SendCommand
 .text.HAL_SDRAM_ProgramRefreshRate
                0x000000000800948a       0x40 ./Drivers/STM32F4xx_HAL_Driver/Src/stm32f4xx_hal_sdram.o
                0x000000000800948a                HAL_SDRAM_ProgramRefreshRate
 .text.HAL_SPI_Init
                0x00000000080094ca       0xd6 ./Drivers/STM32F4xx_HAL_Driver/Src/stm32f4xx_hal_spi.o
                0x00000000080094ca                HAL_SPI_Init
 .text.HAL_SPI_DeInit
                0x00000000080095a0       0x50 ./Drivers/STM32F4xx_HAL_Driver/Src/stm32f4xx_hal_spi.o
                0x00000000080095a0                HAL_SPI_DeInit
 .text.HAL_SPI_MspInit
                0x00000000080095f0       0x14 ./Drivers/STM32F4xx_HAL_Driver/Src/stm32f4xx_hal_spi.o
                0x00000000080095f0                HAL_SPI_MspInit
 .text.HAL_SPI_MspDeInit
                0x0000000008009604       0x14 ./Drivers/STM32F4xx_HAL_Driver/Src/stm32f4xx_hal_spi.o
                0x0000000008009604                HAL_SPI_MspDeInit
 .text.HAL_SPI_Transmit
                0x0000000008009618      0x2ac ./Drivers/STM32F4xx_HAL_Driver/Src/stm32f4xx_hal_spi.o
                0x0000000008009618                HAL_SPI_Transmit
 .text.HAL_SPI_Receive
                0x00000000080098c4      0x2fe ./Drivers/STM32F4xx_HAL_Driver/Src/stm32f4xx_hal_spi.o
                0x00000000080098c4                HAL_SPI_Receive
 .text.HAL_SPI_TransmitReceive
                0x0000000008009bc2      0x41c ./Drivers/STM32F4xx_HAL_Driver/Src/stm32f4xx_hal_spi.o
                0x0000000008009bc2                HAL_SPI_TransmitReceive
 .text.HAL_SPI_GetState
                0x0000000008009fde       0x1c ./Drivers/STM32F4xx_HAL_Driver/Src/stm32f4xx_hal_spi.o
                0x0000000008009fde                HAL_SPI_GetState
 .text.SPI_WaitFlagStateUntilTimeout
                0x0000000008009ffa       0xd4 ./Drivers/STM32F4xx_HAL_Driver/Src/stm32f4xx_hal_spi.o
 .text.SPI_EndRxTransaction
                0x000000000800a0ce       0xca ./Drivers/STM32F4xx_HAL_Driver/Src/stm32f4xx_hal_spi.o
 .text.SPI_EndRxTxTransaction
                0x000000000800a198       0x84 ./Drivers/STM32F4xx_HAL_Driver/Src/stm32f4xx_hal_spi.o
 .text.FMC_SDRAM_Init
                0x000000000800a21c       0xe6 ./Drivers/STM32F4xx_HAL_Driver/Src/stm32f4xx_ll_fmc.o
                0x000000000800a21c                FMC_SDRAM_Init
 .text.FMC_SDRAM_Timing_Init
                0x000000000800a302       0xfe ./Drivers/STM32F4xx_HAL_Driver/Src/stm32f4xx_ll_fmc.o
                0x000000000800a302                FMC_SDRAM_Timing_Init
 .text.FMC_SDRAM_SendCommand
                0x000000000800a400       0x78 ./Drivers/STM32F4xx_HAL_Driver/Src/stm32f4xx_ll_fmc.o
                0x000000000800a400                FMC_SDRAM_SendCommand
 .text.FMC_SDRAM_ProgramRefreshRate
                0x000000000800a478       0x26 ./Drivers/STM32F4xx_HAL_Driver/Src/stm32f4xx_ll_fmc.o
                0x000000000800a478                FMC_SDRAM_ProgramRefreshRate
 *fill*         0x000000000800a49e        0x2 
 .text.__libc_init_array
                0x000000000800a4a0       0x48 c:/st/stm32cubeide_1.7.0/stm32cubeide/plugins/com.st.stm32cube.ide.mcu.externaltools.gnu-tools-for-stm32.9-2020-q2-update.win32_2.0.0.202105311346/tools/bin/../lib/gcc/arm-none-eabi/9.3.1/../../../../arm-none-eabi/lib/thumb/v7e-m+fp/hard\libc_nano.a(lib_a-init.o)
                0x000000000800a4a0                __libc_init_array
 .text.memset   0x000000000800a4e8       0x10 c:/st/stm32cubeide_1.7.0/stm32cubeide/plugins/com.st.stm32cube.ide.mcu.externaltools.gnu-tools-for-stm32.9-2020-q2-update.win32_2.0.0.202105311346/tools/bin/../lib/gcc/arm-none-eabi/9.3.1/../../../../arm-none-eabi/lib/thumb/v7e-m+fp/hard\libc_nano.a(lib_a-memset.o)
                0x000000000800a4e8                memset
 .text.__cvt    0x000000000800a4f8       0xc4 c:/st/stm32cubeide_1.7.0/stm32cubeide/plugins/com.st.stm32cube.ide.mcu.externaltools.gnu-tools-for-stm32.9-2020-q2-update.win32_2.0.0.202105311346/tools/bin/../lib/gcc/arm-none-eabi/9.3.1/../../../../arm-none-eabi/lib/thumb/v7e-m+fp/hard\libc_nano.a(lib_a-nano-vfprintf_float.o)
                0x000000000800a4f8                __cvt
 .text.__exponent
                0x000000000800a5bc       0x7c c:/st/stm32cubeide_1.7.0/stm32cubeide/plugins/com.st.stm32cube.ide.mcu.externaltools.gnu-tools-for-stm32.9-2020-q2-update.win32_2.0.0.202105311346/tools/bin/../lib/gcc/arm-none-eabi/9.3.1/../../../../arm-none-eabi/lib/thumb/v7e-m+fp/hard\libc_nano.a(lib_a-nano-vfprintf_float.o)
                0x000000000800a5bc                __exponent
 .text._printf_float
                0x000000000800a638      0x46c c:/st/stm32cubeide_1.7.0/stm32cubeide/plugins/com.st.stm32cube.ide.mcu.externaltools.gnu-tools-for-stm32.9-2020-q2-update.win32_2.0.0.202105311346/tools/bin/../lib/gcc/arm-none-eabi/9.3.1/../../../../arm-none-eabi/lib/thumb/v7e-m+fp/hard\libc_nano.a(lib_a-nano-vfprintf_float.o)
                0x000000000800a638                _printf_float
 .text._printf_common
                0x000000000800aaa4       0xda c:/st/stm32cubeide_1.7.0/stm32cubeide/plugins/com.st.stm32cube.ide.mcu.externaltools.gnu-tools-for-stm32.9-2020-q2-update.win32_2.0.0.202105311346/tools/bin/../lib/gcc/arm-none-eabi/9.3.1/../../../../arm-none-eabi/lib/thumb/v7e-m+fp/hard\libc_nano.a(lib_a-nano-vfprintf_i.o)
                0x000000000800aaa4                _printf_common
 *fill*         0x000000000800ab7e        0x2 
 .text._printf_i
                0x000000000800ab80      0x24c c:/st/stm32cubeide_1.7.0/stm32cubeide/plugins/com.st.stm32cube.ide.mcu.externaltools.gnu-tools-for-stm32.9-2020-q2-update.win32_2.0.0.202105311346/tools/bin/../lib/gcc/arm-none-eabi/9.3.1/../../../../arm-none-eabi/lib/thumb/v7e-m+fp/hard\libc_nano.a(lib_a-nano-vfprintf_i.o)
                0x000000000800ab80                _printf_i
 .text.snprintf
                0x000000000800adcc       0x68 c:/st/stm32cubeide_1.7.0/stm32cubeide/plugins/com.st.stm32cube.ide.mcu.externaltools.gnu-tools-for-stm32.9-2020-q2-update.win32_2.0.0.202105311346/tools/bin/../lib/gcc/arm-none-eabi/9.3.1/../../../../arm-none-eabi/lib/thumb/v7e-m+fp/hard\libc_nano.a(lib_a-snprintf.o)
                0x000000000800adcc                sniprintf
                0x000000000800adcc                snprintf
 .text.quorem   0x000000000800ae34      0x116 c:/st/stm32cubeide_1.7.0/stm32cubeide/plugins/com.st.stm32cube.ide.mcu.externaltools.gnu-tools-for-stm32.9-2020-q2-update.win32_2.0.0.202105311346/tools/bin/../lib/gcc/arm-none-eabi/9.3.1/../../../../arm-none-eabi/lib/thumb/v7e-m+fp/hard\libc_nano.a(lib_a-dtoa.o)
 *fill*         0x000000000800af4a        0x6 
 .text._dtoa_r  0x000000000800af50      0xbd8 c:/st/stm32cubeide_1.7.0/stm32cubeide/plugins/com.st.stm32cube.ide.mcu.externaltools.gnu-tools-for-stm32.9-2020-q2-update.win32_2.0.0.202105311346/tools/bin/../lib/gcc/arm-none-eabi/9.3.1/../../../../arm-none-eabi/lib/thumb/v7e-m+fp/hard\libc_nano.a(lib_a-dtoa.o)
                0x000000000800af50                _dtoa_r
 .text._localeconv_r
                0x000000000800bb28        0x8 c:/st/stm32cubeide_1.7.0/stm32cubeide/plugins/com.st.stm32cube.ide.mcu.externaltools.gnu-tools-for-stm32.9-2020-q2-update.win32_2.0.0.202105311346/tools/bin/../lib/gcc/arm-none-eabi/9.3.1/../../../../arm-none-eabi/lib/thumb/v7e-m+fp/hard\libc_nano.a(lib_a-localeconv.o)
                0x000000000800bb28                _localeconv_r
 .text.malloc   0x000000000800bb30       0x10 c:/st/stm32cubeide_1.7.0/stm32cubeide/plugins/com.st.stm32cube.ide.mcu.externaltools.gnu-tools-for-stm32.9-2020-q2-update.win32_2.0.0.202105311346/tools/bin/../lib/gcc/arm-none-eabi/9.3.1/../../../../arm-none-eabi/lib/thumb/v7e-m+fp/hard\libc_nano.a(lib_a-malloc.o)
                0x000000000800bb30                malloc
 .text.memcpy   0x000000000800bb40       0x1c c:/st/stm32cubeide_1.7.0/stm32cubeide/plugins/com.st.stm32cube.ide.mcu.externaltools.gnu-tools-for-stm32.9-2020-q2-update.win32_2.0.0.202105311346/tools/bin/../lib/gcc/arm-none-eabi/9.3.1/../../../../arm-none-eabi/lib/thumb/v7e-m+fp/hard\libc_nano.a(lib_a-memcpy-stub.o)
                0x000000000800bb40                memcpy
 .text._Balloc  0x000000000800bb5c       0x80 c:/st/stm32cubeide_1.7.0/stm32cubeide/plugins/com.st.stm32cube.ide.mcu.externaltools.gnu-tools-for-stm32.9-2020-q2-update.win32_2.0.0.202105311346/tools/bin/../lib/gcc/arm-none-eabi/9.3.1/../../../../arm-none-eabi/lib/thumb/v7e-m+fp/hard\libc_nano.a(lib_a-mprec.o)
                0x000000000800bb5c                _Balloc
 .text._Bfree   0x000000000800bbdc       0x44 c:/st/stm32cubeide_1.7.0/stm32cubeide/plugins/com.st.stm32cube.ide.mcu.externaltools.gnu-tools-for-stm32.9-2020-q2-update.win32_2.0.0.202105311346/tools/bin/../lib/gcc/arm-none-eabi/9.3.1/../../../../arm-none-eabi/lib/thumb/v7e-m+fp/hard\libc_nano.a(lib_a-mprec.o)
                0x000000000800bbdc                _Bfree
 .text.__multadd
                0x000000000800bc20       0x94 c:/st/stm32cubeide_1.7.0/stm32cubeide/plugins/com.st.stm32cube.ide.mcu.externaltools.gnu-tools-for-stm32.9-2020-q2-update.win32_2.0.0.202105311346/tools/bin/../lib/gcc/arm-none-eabi/9.3.1/../../../../arm-none-eabi/lib/thumb/v7e-m+fp/hard\libc_nano.a(lib_a-mprec.o)
                0x000000000800bc20                __multadd
 .text.__hi0bits
                0x000000000800bcb4       0x40 c:/st/stm32cubeide_1.7.0/stm32cubeide/plugins/com.st.stm32cube.ide.mcu.externaltools.gnu-tools-for-stm32.9-2020-q2-update.win32_2.0.0.202105311346/tools/bin/../lib/gcc/arm-none-eabi/9.3.1/../../../../arm-none-eabi/lib/thumb/v7e-m+fp/hard\libc_nano.a(lib_a-mprec.o)
                0x000000000800bcb4                __hi0bits
 .text.__lo0bits
                0x000000000800bcf4       0x60 c:/st/stm32cubeide_1.7.0/stm32cubeide/plugins/com.st.stm32cube.ide.mcu.externaltools.gnu-tools-for-stm32.9-2020-q2-update.win32_2.0.0.202105311346/tools/bin/../lib/gcc/arm-none-eabi/9.3.1/../../../../arm-none-eabi/lib/thumb/v7e-m+fp/hard\libc_nano.a(lib_a-mprec.o)
                0x000000000800bcf4                __lo0bits
 .text.__i2b    0x000000000800bd54       0x2c c:/st/stm32cubeide_1.7.0/stm32cubeide/plugins/com.st.stm32cube.ide.mcu.externaltools.gnu-tools-for-stm32.9-2020-q2-update.win32_2.0.0.202105311346/tools/bin/../lib/gcc/arm-none-eabi/9.3.1/../../../../arm-none-eabi/lib/thumb/v7e-m+fp/hard\libc_nano.a(lib_a-mprec.o)
                0x000000000800bd54                __i2b
 .text.__multiply
                0x000000000800bd80      0x14c c:/st/stm32cubeide_1.7.0/stm32cubeide/plugins/com.st.stm32cube.ide.mcu.externaltools.gnu-tools-for-stm32.9-2020-q2-update.win32_2.0.0.202105311346/tools/bin/../lib/gcc/arm-none-eabi/9.3.1/../../../../arm-none-eabi/lib/thumb/v7e-m+fp/hard\libc_nano.a(lib_a-mprec.o)
                0x000000000800bd80                __multiply
 .text.__pow5mult
                0x000000000800becc       0xb4 c:/st/stm32cubeide_1.7.0/stm32cubeide/plugins/com.st.stm32cube.ide.mcu.externaltools.gnu-tools-for-stm32.9-2020-q2-update.win32_2.0.0.202105311346/tools/bin/../lib/gcc/arm-none-eabi/9.3.1/../../../../arm-none-eabi/lib/thumb/v7e-m+fp/hard\libc_nano.a(lib_a-mprec.o)
                0x000000000800becc                __pow5mult
 .text.__lshift
                0x000000000800bf80       0xd8 c:/st/stm32cubeide_1.7.0/stm32cubeide/plugins/com.st.stm32cube.ide.mcu.externaltools.gnu-tools-for-stm32.9-2020-q2-update.win32_2.0.0.202105311346/tools/bin/../lib/gcc/arm-none-eabi/9.3.1/../../../../arm-none-eabi/lib/thumb/v7e-m+fp/hard\libc_nano.a(lib_a-mprec.o)
                0x000000000800bf80                __lshift
 .text.__mcmp   0x000000000800c058       0x38 c:/st/stm32cubeide_1.7.0/stm32cubeide/plugins/com.st.stm32cube.ide.mcu.externaltools.gnu-tools-for-stm32.9-2020-q2-update.win32_2.0.0.202105311346/tools/bin/../lib/gcc/arm-none-eabi/9.3.1/../../../../arm-none-eabi/lib/thumb/v7e-m+fp/hard\libc_nano.a(lib_a-mprec.o)
                0x000000000800c058                __mcmp
 .text.__mdiff  0x000000000800c090      0x110 c:/st/stm32cubeide_1.7.0/stm32cubeide/plugins/com.st.stm32cube.ide.mcu.externaltools.gnu-tools-for-stm32.9-2020-q2-update.win32_2.0.0.202105311346/tools/bin/../lib/gcc/arm-none-eabi/9.3.1/../../../../arm-none-eabi/lib/thumb/v7e-m+fp/hard\libc_nano.a(lib_a-mprec.o)
                0x000000000800c090                __mdiff
 .text.__d2b    0x000000000800c1a0       0xb8 c:/st/stm32cubeide_1.7.0/stm32cubeide/plugins/com.st.stm32cube.ide.mcu.externaltools.gnu-tools-for-stm32.9-2020-q2-update.win32_2.0.0.202105311346/tools/bin/../lib/gcc/arm-none-eabi/9.3.1/../../../../arm-none-eabi/lib/thumb/v7e-m+fp/hard\libc_nano.a(lib_a-mprec.o)
                0x000000000800c1a0                __d2b
 .text._calloc_r
                0x000000000800c258       0x1e c:/st/stm32cubeide_1.7.0/stm32cubeide/plugins/com.st.stm32cube.ide.mcu.externaltools.gnu-tools-for-stm32.9-2020-q2-update.win32_2.0.0.202105311346/tools/bin/../lib/gcc/arm-none-eabi/9.3.1/../../../../arm-none-eabi/lib/thumb/v7e-m+fp/hard\libc_nano.a(lib_a-nano-callocr.o)
                0x000000000800c258                _calloc_r
 *fill*         0x000000000800c276        0x2 
 .text._free_r  0x000000000800c278       0xa0 c:/st/stm32cubeide_1.7.0/stm32cubeide/plugins/com.st.stm32cube.ide.mcu.externaltools.gnu-tools-for-stm32.9-2020-q2-update.win32_2.0.0.202105311346/tools/bin/../lib/gcc/arm-none-eabi/9.3.1/../../../../arm-none-eabi/lib/thumb/v7e-m+fp/hard\libc_nano.a(lib_a-nano-freer.o)
                0x000000000800c278                _free_r
 .text._malloc_r
                0x000000000800c318       0xb4 c:/st/stm32cubeide_1.7.0/stm32cubeide/plugins/com.st.stm32cube.ide.mcu.externaltools.gnu-tools-for-stm32.9-2020-q2-update.win32_2.0.0.202105311346/tools/bin/../lib/gcc/arm-none-eabi/9.3.1/../../../../arm-none-eabi/lib/thumb/v7e-m+fp/hard\libc_nano.a(lib_a-nano-mallocr.o)
                0x000000000800c318                _malloc_r
 .text.__ssputs_r
                0x000000000800c3cc       0xb6 c:/st/stm32cubeide_1.7.0/stm32cubeide/plugins/com.st.stm32cube.ide.mcu.externaltools.gnu-tools-for-stm32.9-2020-q2-update.win32_2.0.0.202105311346/tools/bin/../lib/gcc/arm-none-eabi/9.3.1/../../../../arm-none-eabi/lib/thumb/v7e-m+fp/hard\libc_nano.a(lib_a-nano-svfprintf.o)
                0x000000000800c3cc                __ssputs_r
 *fill*         0x000000000800c482        0x2 
 .text._svfprintf_r
                0x000000000800c484      0x200 c:/st/stm32cubeide_1.7.0/stm32cubeide/plugins/com.st.stm32cube.ide.mcu.externaltools.gnu-tools-for-stm32.9-2020-q2-update.win32_2.0.0.202105311346/tools/bin/../lib/gcc/arm-none-eabi/9.3.1/../../../../arm-none-eabi/lib/thumb/v7e-m+fp/hard\libc_nano.a(lib_a-nano-svfprintf.o)
                0x000000000800c484                _svfiprintf_r
                0x000000000800c484                _svfprintf_r
 .text._sbrk_r  0x000000000800c684       0x20 c:/st/stm32cubeide_1.7.0/stm32cubeide/plugins/com.st.stm32cube.ide.mcu.externaltools.gnu-tools-for-stm32.9-2020-q2-update.win32_2.0.0.202105311346/tools/bin/../lib/gcc/arm-none-eabi/9.3.1/../../../../arm-none-eabi/lib/thumb/v7e-m+fp/hard\libc_nano.a(lib_a-sbrkr.o)
                0x000000000800c684                _sbrk_r
 .text.__assert_func
                0x000000000800c6a4       0x3c c:/st/stm32cubeide_1.7.0/stm32cubeide/plugins/com.st.stm32cube.ide.mcu.externaltools.gnu-tools-for-stm32.9-2020-q2-update.win32_2.0.0.202105311346/tools/bin/../lib/gcc/arm-none-eabi/9.3.1/../../../../arm-none-eabi/lib/thumb/v7e-m+fp/hard\libc_nano.a(lib_a-assert.o)
                0x000000000800c6a4                __assert_func
 .text.fprintf  0x000000000800c6e0       0x24 c:/st/stm32cubeide_1.7.0/stm32cubeide/plugins/com.st.stm32cube.ide.mcu.externaltools.gnu-tools-for-stm32.9-2020-q2-update.win32_2.0.0.202105311346/tools/bin/../lib/gcc/arm-none-eabi/9.3.1/../../../../arm-none-eabi/lib/thumb/v7e-m+fp/hard\libc_nano.a(lib_a-fprintf.o)
                0x000000000800c6e0                fiprintf
                0x000000000800c6e0                fprintf
 .text.__ascii_mbtowc
                0x000000000800c704       0x24 c:/st/stm32cubeide_1.7.0/stm32cubeide/plugins/com.st.stm32cube.ide.mcu.externaltools.gnu-tools-for-stm32.9-2020-q2-update.win32_2.0.0.202105311346/tools/bin/../lib/gcc/arm-none-eabi/9.3.1/../../../../arm-none-eabi/lib/thumb/v7e-m+fp/hard\libc_nano.a(lib_a-mbtowc_r.o)
                0x000000000800c704                __ascii_mbtowc
 .text.memmove  0x000000000800c728       0x34 c:/st/stm32cubeide_1.7.0/stm32cubeide/plugins/com.st.stm32cube.ide.mcu.externaltools.gnu-tools-for-stm32.9-2020-q2-update.win32_2.0.0.202105311346/tools/bin/../lib/gcc/arm-none-eabi/9.3.1/../../../../arm-none-eabi/lib/thumb/v7e-m+fp/hard\libc_nano.a(lib_a-memmove.o)
                0x000000000800c728                memmove
 .text.__malloc_lock
                0x000000000800c75c        0xc c:/st/stm32cubeide_1.7.0/stm32cubeide/plugins/com.st.stm32cube.ide.mcu.externaltools.gnu-tools-for-stm32.9-2020-q2-update.win32_2.0.0.202105311346/tools/bin/../lib/gcc/arm-none-eabi/9.3.1/../../../../arm-none-eabi/lib/thumb/v7e-m+fp/hard\libc_nano.a(lib_a-mlock.o)
                0x000000000800c75c                __malloc_lock
 .text.__malloc_unlock
                0x000000000800c768        0xc c:/st/stm32cubeide_1.7.0/stm32cubeide/plugins/com.st.stm32cube.ide.mcu.externaltools.gnu-tools-for-stm32.9-2020-q2-update.win32_2.0.0.202105311346/tools/bin/../lib/gcc/arm-none-eabi/9.3.1/../../../../arm-none-eabi/lib/thumb/v7e-m+fp/hard\libc_nano.a(lib_a-mlock.o)
                0x000000000800c768                __malloc_unlock
 .text._realloc_r
                0x000000000800c774       0x4c c:/st/stm32cubeide_1.7.0/stm32cubeide/plugins/com.st.stm32cube.ide.mcu.externaltools.gnu-tools-for-stm32.9-2020-q2-update.win32_2.0.0.202105311346/tools/bin/../lib/gcc/arm-none-eabi/9.3.1/../../../../arm-none-eabi/lib/thumb/v7e-m+fp/hard\libc_nano.a(lib_a-nano-reallocr.o)
                0x000000000800c774                _realloc_r
 .text.__sfputc_r
                0x000000000800c7c0       0x2e c:/st/stm32cubeide_1.7.0/stm32cubeide/plugins/com.st.stm32cube.ide.mcu.externaltools.gnu-tools-for-stm32.9-2020-q2-update.win32_2.0.0.202105311346/tools/bin/../lib/gcc/arm-none-eabi/9.3.1/../../../../arm-none-eabi/lib/thumb/v7e-m+fp/hard\libc_nano.a(lib_a-nano-vfprintf.o)
 .text.__sfputs_r
                0x000000000800c7ee       0x24 c:/st/stm32cubeide_1.7.0/stm32cubeide/plugins/com.st.stm32cube.ide.mcu.externaltools.gnu-tools-for-stm32.9-2020-q2-update.win32_2.0.0.202105311346/tools/bin/../lib/gcc/arm-none-eabi/9.3.1/../../../../arm-none-eabi/lib/thumb/v7e-m+fp/hard\libc_nano.a(lib_a-nano-vfprintf.o)
                0x000000000800c7ee                __sfputs_r
 *fill*         0x000000000800c812        0x2 
 .text._vfprintf_r
                0x000000000800c814      0x260 c:/st/stm32cubeide_1.7.0/stm32cubeide/plugins/com.st.stm32cube.ide.mcu.externaltools.gnu-tools-for-stm32.9-2020-q2-update.win32_2.0.0.202105311346/tools/bin/../lib/gcc/arm-none-eabi/9.3.1/../../../../arm-none-eabi/lib/thumb/v7e-m+fp/hard\libc_nano.a(lib_a-nano-vfprintf.o)
                0x000000000800c814                _vfprintf_r
                0x000000000800c814                _vfiprintf_r
 .text.__swbuf_r
                0x000000000800ca74       0xa4 c:/st/stm32cubeide_1.7.0/stm32cubeide/plugins/com.st.stm32cube.ide.mcu.externaltools.gnu-tools-for-stm32.9-2020-q2-update.win32_2.0.0.202105311346/tools/bin/../lib/gcc/arm-none-eabi/9.3.1/../../../../arm-none-eabi/lib/thumb/v7e-m+fp/hard\libc_nano.a(lib_a-wbuf.o)
                0x000000000800ca74                __swbuf_r
 .text.__ascii_wctomb
                0x000000000800cb18       0x1a c:/st/stm32cubeide_1.7.0/stm32cubeide/plugins/com.st.stm32cube.ide.mcu.externaltools.gnu-tools-for-stm32.9-2020-q2-update.win32_2.0.0.202105311346/tools/bin/../lib/gcc/arm-none-eabi/9.3.1/../../../../arm-none-eabi/lib/thumb/v7e-m+fp/hard\libc_nano.a(lib_a-wctomb_r.o)
                0x000000000800cb18                __ascii_wctomb
 *fill*         0x000000000800cb32        0x2 
 .text.__swsetup_r
                0x000000000800cb34       0xdc c:/st/stm32cubeide_1.7.0/stm32cubeide/plugins/com.st.stm32cube.ide.mcu.externaltools.gnu-tools-for-stm32.9-2020-q2-update.win32_2.0.0.202105311346/tools/bin/../lib/gcc/arm-none-eabi/9.3.1/../../../../arm-none-eabi/lib/thumb/v7e-m+fp/hard\libc_nano.a(lib_a-wsetup.o)
                0x000000000800cb34                __swsetup_r
 .text.abort    0x000000000800cc10        0xe c:/st/stm32cubeide_1.7.0/stm32cubeide/plugins/com.st.stm32cube.ide.mcu.externaltools.gnu-tools-for-stm32.9-2020-q2-update.win32_2.0.0.202105311346/tools/bin/../lib/gcc/arm-none-eabi/9.3.1/../../../../arm-none-eabi/lib/thumb/v7e-m+fp/hard\libc_nano.a(lib_a-abort.o)
                0x000000000800cc10                abort
 *fill*         0x000000000800cc1e        0x2 
 .text.__sflush_r
                0x000000000800cc20      0x10c c:/st/stm32cubeide_1.7.0/stm32cubeide/plugins/com.st.stm32cube.ide.mcu.externaltools.gnu-tools-for-stm32.9-2020-q2-update.win32_2.0.0.202105311346/tools/bin/../lib/gcc/arm-none-eabi/9.3.1/../../../../arm-none-eabi/lib/thumb/v7e-m+fp/hard\libc_nano.a(lib_a-fflush.o)
                0x000000000800cc20                __sflush_r
 .text._fflush_r
                0x000000000800cd2c       0x78 c:/st/stm32cubeide_1.7.0/stm32cubeide/plugins/com.st.stm32cube.ide.mcu.externaltools.gnu-tools-for-stm32.9-2020-q2-update.win32_2.0.0.202105311346/tools/bin/../lib/gcc/arm-none-eabi/9.3.1/../../../../arm-none-eabi/lib/thumb/v7e-m+fp/hard\libc_nano.a(lib_a-fflush.o)
                0x000000000800cd2c                _fflush_r
 .text.std      0x000000000800cda4       0x48 c:/st/stm32cubeide_1.7.0/stm32cubeide/plugins/com.st.stm32cube.ide.mcu.externaltools.gnu-tools-for-stm32.9-2020-q2-update.win32_2.0.0.202105311346/tools/bin/../lib/gcc/arm-none-eabi/9.3.1/../../../../arm-none-eabi/lib/thumb/v7e-m+fp/hard\libc_nano.a(lib_a-findfp.o)
 .text._cleanup_r
                0x000000000800cdec        0xc c:/st/stm32cubeide_1.7.0/stm32cubeide/plugins/com.st.stm32cube.ide.mcu.externaltools.gnu-tools-for-stm32.9-2020-q2-update.win32_2.0.0.202105311346/tools/bin/../lib/gcc/arm-none-eabi/9.3.1/../../../../arm-none-eabi/lib/thumb/v7e-m+fp/hard\libc_nano.a(lib_a-findfp.o)
                0x000000000800cdec                _cleanup_r
 .text.__sfmoreglue
                0x000000000800cdf8       0x2c c:/st/stm32cubeide_1.7.0/stm32cubeide/plugins/com.st.stm32cube.ide.mcu.externaltools.gnu-tools-for-stm32.9-2020-q2-update.win32_2.0.0.202105311346/tools/bin/../lib/gcc/arm-none-eabi/9.3.1/../../../../arm-none-eabi/lib/thumb/v7e-m+fp/hard\libc_nano.a(lib_a-findfp.o)
                0x000000000800cdf8                __sfmoreglue
 .text.__sfp_lock_acquire
                0x000000000800ce24        0xc c:/st/stm32cubeide_1.7.0/stm32cubeide/plugins/com.st.stm32cube.ide.mcu.externaltools.gnu-tools-for-stm32.9-2020-q2-update.win32_2.0.0.202105311346/tools/bin/../lib/gcc/arm-none-eabi/9.3.1/../../../../arm-none-eabi/lib/thumb/v7e-m+fp/hard\libc_nano.a(lib_a-findfp.o)
                0x000000000800ce24                __sfp_lock_acquire
 .text.__sfp_lock_release
                0x000000000800ce30        0xc c:/st/stm32cubeide_1.7.0/stm32cubeide/plugins/com.st.stm32cube.ide.mcu.externaltools.gnu-tools-for-stm32.9-2020-q2-update.win32_2.0.0.202105311346/tools/bin/../lib/gcc/arm-none-eabi/9.3.1/../../../../arm-none-eabi/lib/thumb/v7e-m+fp/hard\libc_nano.a(lib_a-findfp.o)
                0x000000000800ce30                __sfp_lock_release
 .text.__sinit_lock_acquire
                0x000000000800ce3c        0xc c:/st/stm32cubeide_1.7.0/stm32cubeide/plugins/com.st.stm32cube.ide.mcu.externaltools.gnu-tools-for-stm32.9-2020-q2-update.win32_2.0.0.202105311346/tools/bin/../lib/gcc/arm-none-eabi/9.3.1/../../../../arm-none-eabi/lib/thumb/v7e-m+fp/hard\libc_nano.a(lib_a-findfp.o)
                0x000000000800ce3c                __sinit_lock_acquire
 .text.__sinit_lock_release
                0x000000000800ce48        0xc c:/st/stm32cubeide_1.7.0/stm32cubeide/plugins/com.st.stm32cube.ide.mcu.externaltools.gnu-tools-for-stm32.9-2020-q2-update.win32_2.0.0.202105311346/tools/bin/../lib/gcc/arm-none-eabi/9.3.1/../../../../arm-none-eabi/lib/thumb/v7e-m+fp/hard\libc_nano.a(lib_a-findfp.o)
                0x000000000800ce48                __sinit_lock_release
 .text.__sinit  0x000000000800ce54       0x70 c:/st/stm32cubeide_1.7.0/stm32cubeide/plugins/com.st.stm32cube.ide.mcu.externaltools.gnu-tools-for-stm32.9-2020-q2-update.win32_2.0.0.202105311346/tools/bin/../lib/gcc/arm-none-eabi/9.3.1/../../../../arm-none-eabi/lib/thumb/v7e-m+fp/hard\libc_nano.a(lib_a-findfp.o)
                0x000000000800ce54                __sinit
 .text.__sfp    0x000000000800cec4       0x8c c:/st/stm32cubeide_1.7.0/stm32cubeide/plugins/com.st.stm32cube.ide.mcu.externaltools.gnu-tools-for-stm32.9-2020-q2-update.win32_2.0.0.202105311346/tools/bin/../lib/gcc/arm-none-eabi/9.3.1/../../../../arm-none-eabi/lib/thumb/v7e-m+fp/hard\libc_nano.a(lib_a-findfp.o)
                0x000000000800cec4                __sfp
 .text._fwalk_reent
                0x000000000800cf50       0x3e c:/st/stm32cubeide_1.7.0/stm32cubeide/plugins/com.st.stm32cube.ide.mcu.externaltools.gnu-tools-for-stm32.9-2020-q2-update.win32_2.0.0.202105311346/tools/bin/../lib/gcc/arm-none-eabi/9.3.1/../../../../arm-none-eabi/lib/thumb/v7e-m+fp/hard\libc_nano.a(lib_a-fwalk.o)
                0x000000000800cf50                _fwalk_reent
 .text.__retarget_lock_init_recursive
                0x000000000800cf8e        0x2 c:/st/stm32cubeide_1.7.0/stm32cubeide/plugins/com.st.stm32cube.ide.mcu.externaltools.gnu-tools-for-stm32.9-2020-q2-update.win32_2.0.0.202105311346/tools/bin/../lib/gcc/arm-none-eabi/9.3.1/../../../../arm-none-eabi/lib/thumb/v7e-m+fp/hard\libc_nano.a(lib_a-lock.o)
                0x000000000800cf8e                __retarget_lock_init_recursive
 .text.__retarget_lock_acquire_recursive
                0x000000000800cf90        0x2 c:/st/stm32cubeide_1.7.0/stm32cubeide/plugins/com.st.stm32cube.ide.mcu.externaltools.gnu-tools-for-stm32.9-2020-q2-update.win32_2.0.0.202105311346/tools/bin/../lib/gcc/arm-none-eabi/9.3.1/../../../../arm-none-eabi/lib/thumb/v7e-m+fp/hard\libc_nano.a(lib_a-lock.o)
                0x000000000800cf90                __retarget_lock_acquire_recursive
 .text.__retarget_lock_release_recursive
                0x000000000800cf92        0x2 c:/st/stm32cubeide_1.7.0/stm32cubeide/plugins/com.st.stm32cube.ide.mcu.externaltools.gnu-tools-for-stm32.9-2020-q2-update.win32_2.0.0.202105311346/tools/bin/../lib/gcc/arm-none-eabi/9.3.1/../../../../arm-none-eabi/lib/thumb/v7e-m+fp/hard\libc_nano.a(lib_a-lock.o)
                0x000000000800cf92                __retarget_lock_release_recursive
 .text.__swhatbuf_r
                0x000000000800cf94       0x48 c:/st/stm32cubeide_1.7.0/stm32cubeide/plugins/com.st.stm32cube.ide.mcu.externaltools.gnu-tools-for-stm32.9-2020-q2-update.win32_2.0.0.202105311346/tools/bin/../lib/gcc/arm-none-eabi/9.3.1/../../../../arm-none-eabi/lib/thumb/v7e-m+fp/hard\libc_nano.a(lib_a-makebuf.o)
                0x000000000800cf94                __swhatbuf_r
 .text.__smakebuf_r
                0x000000000800cfdc       0x80 c:/st/stm32cubeide_1.7.0/stm32cubeide/plugins/com.st.stm32cube.ide.mcu.externaltools.gnu-tools-for-stm32.9-2020-q2-update.win32_2.0.0.202105311346/tools/bin/../lib/gcc/arm-none-eabi/9.3.1/../../../../arm-none-eabi/lib/thumb/v7e-m+fp/hard\libc_nano.a(lib_a-makebuf.o)
                0x000000000800cfdc                __smakebuf_r
 .text._malloc_usable_size_r
                0x000000000800d05c       0x10 c:/st/stm32cubeide_1.7.0/stm32cubeide/plugins/com.st.stm32cube.ide.mcu.externaltools.gnu-tools-for-stm32.9-2020-q2-update.win32_2.0.0.202105311346/tools/bin/../lib/gcc/arm-none-eabi/9.3.1/../../../../arm-none-eabi/lib/thumb/v7e-m+fp/hard\libc_nano.a(lib_a-nano-msizer.o)
                0x000000000800d05c                _malloc_usable_size_r
 .text._raise_r
                0x000000000800d06c       0x50 c:/st/stm32cubeide_1.7.0/stm32cubeide/plugins/com.st.stm32cube.ide.mcu.externaltools.gnu-tools-for-stm32.9-2020-q2-update.win32_2.0.0.202105311346/tools/bin/../lib/gcc/arm-none-eabi/9.3.1/../../../../arm-none-eabi/lib/thumb/v7e-m+fp/hard\libc_nano.a(lib_a-signal.o)
                0x000000000800d06c                _raise_r
 .text.raise    0x000000000800d0bc       0x10 c:/st/stm32cubeide_1.7.0/stm32cubeide/plugins/com.st.stm32cube.ide.mcu.externaltools.gnu-tools-for-stm32.9-2020-q2-update.win32_2.0.0.202105311346/tools/bin/../lib/gcc/arm-none-eabi/9.3.1/../../../../arm-none-eabi/lib/thumb/v7e-m+fp/hard\libc_nano.a(lib_a-signal.o)
                0x000000000800d0bc                raise
 .text._kill_r  0x000000000800d0cc       0x24 c:/st/stm32cubeide_1.7.0/stm32cubeide/plugins/com.st.stm32cube.ide.mcu.externaltools.gnu-tools-for-stm32.9-2020-q2-update.win32_2.0.0.202105311346/tools/bin/../lib/gcc/arm-none-eabi/9.3.1/../../../../arm-none-eabi/lib/thumb/v7e-m+fp/hard\libc_nano.a(lib_a-signalr.o)
                0x000000000800d0cc                _kill_r
 .text._getpid_r
                0x000000000800d0f0        0x4 c:/st/stm32cubeide_1.7.0/stm32cubeide/plugins/com.st.stm32cube.ide.mcu.externaltools.gnu-tools-for-stm32.9-2020-q2-update.win32_2.0.0.202105311346/tools/bin/../lib/gcc/arm-none-eabi/9.3.1/../../../../arm-none-eabi/lib/thumb/v7e-m+fp/hard\libc_nano.a(lib_a-signalr.o)
                0x000000000800d0f0                _getpid_r
 .text.__sread  0x000000000800d0f4       0x22 c:/st/stm32cubeide_1.7.0/stm32cubeide/plugins/com.st.stm32cube.ide.mcu.externaltools.gnu-tools-for-stm32.9-2020-q2-update.win32_2.0.0.202105311346/tools/bin/../lib/gcc/arm-none-eabi/9.3.1/../../../../arm-none-eabi/lib/thumb/v7e-m+fp/hard\libc_nano.a(lib_a-stdio.o)
                0x000000000800d0f4                __sread
 .text.__swrite
                0x000000000800d116       0x38 c:/st/stm32cubeide_1.7.0/stm32cubeide/plugins/com.st.stm32cube.ide.mcu.externaltools.gnu-tools-for-stm32.9-2020-q2-update.win32_2.0.0.202105311346/tools/bin/../lib/gcc/arm-none-eabi/9.3.1/../../../../arm-none-eabi/lib/thumb/v7e-m+fp/hard\libc_nano.a(lib_a-stdio.o)
                0x000000000800d116                __swrite
 .text.__sseek  0x000000000800d14e       0x24 c:/st/stm32cubeide_1.7.0/stm32cubeide/plugins/com.st.stm32cube.ide.mcu.externaltools.gnu-tools-for-stm32.9-2020-q2-update.win32_2.0.0.202105311346/tools/bin/../lib/gcc/arm-none-eabi/9.3.1/../../../../arm-none-eabi/lib/thumb/v7e-m+fp/hard\libc_nano.a(lib_a-stdio.o)
                0x000000000800d14e                __sseek
 .text.__sclose
                0x000000000800d172        0x8 c:/st/stm32cubeide_1.7.0/stm32cubeide/plugins/com.st.stm32cube.ide.mcu.externaltools.gnu-tools-for-stm32.9-2020-q2-update.win32_2.0.0.202105311346/tools/bin/../lib/gcc/arm-none-eabi/9.3.1/../../../../arm-none-eabi/lib/thumb/v7e-m+fp/hard\libc_nano.a(lib_a-stdio.o)
                0x000000000800d172                __sclose
 *fill*         0x000000000800d17a        0x2 
 .text._write_r
                0x000000000800d17c       0x24 c:/st/stm32cubeide_1.7.0/stm32cubeide/plugins/com.st.stm32cube.ide.mcu.externaltools.gnu-tools-for-stm32.9-2020-q2-update.win32_2.0.0.202105311346/tools/bin/../lib/gcc/arm-none-eabi/9.3.1/../../../../arm-none-eabi/lib/thumb/v7e-m+fp/hard\libc_nano.a(lib_a-writer.o)
                0x000000000800d17c                _write_r
 .text._close_r
                0x000000000800d1a0       0x20 c:/st/stm32cubeide_1.7.0/stm32cubeide/plugins/com.st.stm32cube.ide.mcu.externaltools.gnu-tools-for-stm32.9-2020-q2-update.win32_2.0.0.202105311346/tools/bin/../lib/gcc/arm-none-eabi/9.3.1/../../../../arm-none-eabi/lib/thumb/v7e-m+fp/hard\libc_nano.a(lib_a-closer.o)
                0x000000000800d1a0                _close_r
 .text._fstat_r
                0x000000000800d1c0       0x24 c:/st/stm32cubeide_1.7.0/stm32cubeide/plugins/com.st.stm32cube.ide.mcu.externaltools.gnu-tools-for-stm32.9-2020-q2-update.win32_2.0.0.202105311346/tools/bin/../lib/gcc/arm-none-eabi/9.3.1/../../../../arm-none-eabi/lib/thumb/v7e-m+fp/hard\libc_nano.a(lib_a-fstatr.o)
                0x000000000800d1c0                _fstat_r
 .text._isatty_r
                0x000000000800d1e4       0x20 c:/st/stm32cubeide_1.7.0/stm32cubeide/plugins/com.st.stm32cube.ide.mcu.externaltools.gnu-tools-for-stm32.9-2020-q2-update.win32_2.0.0.202105311346/tools/bin/../lib/gcc/arm-none-eabi/9.3.1/../../../../arm-none-eabi/lib/thumb/v7e-m+fp/hard\libc_nano.a(lib_a-isattyr.o)
                0x000000000800d1e4                _isatty_r
 .text._lseek_r
                0x000000000800d204       0x24 c:/st/stm32cubeide_1.7.0/stm32cubeide/plugins/com.st.stm32cube.ide.mcu.externaltools.gnu-tools-for-stm32.9-2020-q2-update.win32_2.0.0.202105311346/tools/bin/../lib/gcc/arm-none-eabi/9.3.1/../../../../arm-none-eabi/lib/thumb/v7e-m+fp/hard\libc_nano.a(lib_a-lseekr.o)
                0x000000000800d204                _lseek_r
 .text._read_r  0x000000000800d228       0x24 c:/st/stm32cubeide_1.7.0/stm32cubeide/plugins/com.st.stm32cube.ide.mcu.externaltools.gnu-tools-for-stm32.9-2020-q2-update.win32_2.0.0.202105311346/tools/bin/../lib/gcc/arm-none-eabi/9.3.1/../../../../arm-none-eabi/lib/thumb/v7e-m+fp/hard\libc_nano.a(lib_a-readr.o)
                0x000000000800d228                _read_r
 *fill*         0x000000000800d24c        0x4 
 .text.sin      0x000000000800d250       0xa8 c:/st/stm32cubeide_1.7.0/stm32cubeide/plugins/com.st.stm32cube.ide.mcu.externaltools.gnu-tools-for-stm32.9-2020-q2-update.win32_2.0.0.202105311346/tools/bin/../lib/gcc/arm-none-eabi/9.3.1/../../../../arm-none-eabi/lib/thumb/v7e-m+fp/hard\libm.a(lib_a-s_sin.o)
                0x000000000800d250                sin
 .text.cosf     0x000000000800d2f8       0x80 c:/st/stm32cubeide_1.7.0/stm32cubeide/plugins/com.st.stm32cube.ide.mcu.externaltools.gnu-tools-for-stm32.9-2020-q2-update.win32_2.0.0.202105311346/tools/bin/../lib/gcc/arm-none-eabi/9.3.1/../../../../arm-none-eabi/lib/thumb/v7e-m+fp/hard\libm.a(lib_a-sf_cos.o)
                0x000000000800d2f8                cosf
 .text.acosf    0x000000000800d378       0x64 c:/st/stm32cubeide_1.7.0/stm32cubeide/plugins/com.st.stm32cube.ide.mcu.externaltools.gnu-tools-for-stm32.9-2020-q2-update.win32_2.0.0.202105311346/tools/bin/../lib/gcc/arm-none-eabi/9.3.1/../../../../arm-none-eabi/lib/thumb/v7e-m+fp/hard\libm.a(lib_a-wf_acos.o)
                0x000000000800d378                acosf
 .text.asinf    0x000000000800d3dc       0x64 c:/st/stm32cubeide_1.7.0/stm32cubeide/plugins/com.st.stm32cube.ide.mcu.externaltools.gnu-tools-for-stm32.9-2020-q2-update.win32_2.0.0.202105311346/tools/bin/../lib/gcc/arm-none-eabi/9.3.1/../../../../arm-none-eabi/lib/thumb/v7e-m+fp/hard\libm.a(lib_a-wf_asin.o)
                0x000000000800d3dc                asinf
 .text.sqrtf    0x000000000800d440       0x4c c:/st/stm32cubeide_1.7.0/stm32cubeide/plugins/com.st.stm32cube.ide.mcu.externaltools.gnu-tools-for-stm32.9-2020-q2-update.win32_2.0.0.202105311346/tools/bin/../lib/gcc/arm-none-eabi/9.3.1/../../../../arm-none-eabi/lib/thumb/v7e-m+fp/hard\libm.a(lib_a-wf_sqrt.o)
                0x000000000800d440                sqrtf
 *fill*         0x000000000800d48c        0x4 
 .text.__ieee754_rem_pio2
                0x000000000800d490      0x414 c:/st/stm32cubeide_1.7.0/stm32cubeide/plugins/com.st.stm32cube.ide.mcu.externaltools.gnu-tools-for-stm32.9-2020-q2-update.win32_2.0.0.202105311346/tools/bin/../lib/gcc/arm-none-eabi/9.3.1/../../../../arm-none-eabi/lib/thumb/v7e-m+fp/hard\libm.a(lib_a-e_rem_pio2.o)
                0x000000000800d490                __ieee754_rem_pio2
 .text.__ieee754_acosf
                0x000000000800d8a4      0x1f4 c:/st/stm32cubeide_1.7.0/stm32cubeide/plugins/com.st.stm32cube.ide.mcu.externaltools.gnu-tools-for-stm32.9-2020-q2-update.win32_2.0.0.202105311346/tools/bin/../lib/gcc/arm-none-eabi/9.3.1/../../../../arm-none-eabi/lib/thumb/v7e-m+fp/hard\libm.a(lib_a-ef_acos.o)
                0x000000000800d8a4                __ieee754_acosf
 .text.__ieee754_asinf
                0x000000000800da98      0x1cc c:/st/stm32cubeide_1.7.0/stm32cubeide/plugins/com.st.stm32cube.ide.mcu.externaltools.gnu-tools-for-stm32.9-2020-q2-update.win32_2.0.0.202105311346/tools/bin/../lib/gcc/arm-none-eabi/9.3.1/../../../../arm-none-eabi/lib/thumb/v7e-m+fp/hard\libm.a(lib_a-ef_asin.o)
                0x000000000800da98                __ieee754_asinf
 .text.__ieee754_rem_pio2f
                0x000000000800dc64      0x278 c:/st/stm32cubeide_1.7.0/stm32cubeide/plugins/com.st.stm32cube.ide.mcu.externaltools.gnu-tools-for-stm32.9-2020-q2-update.win32_2.0.0.202105311346/tools/bin/../lib/gcc/arm-none-eabi/9.3.1/../../../../arm-none-eabi/lib/thumb/v7e-m+fp/hard\libm.a(lib_a-ef_rem_pio2.o)
                0x000000000800dc64                __ieee754_rem_pio2f
 .text.__ieee754_sqrtf
                0x000000000800dedc        0x6 c:/st/stm32cubeide_1.7.0/stm32cubeide/plugins/com.st.stm32cube.ide.mcu.externaltools.gnu-tools-for-stm32.9-2020-q2-update.win32_2.0.0.202105311346/tools/bin/../lib/gcc/arm-none-eabi/9.3.1/../../../../arm-none-eabi/lib/thumb/v7e-m+fp/hard\libm.a(lib_a-ef_sqrt.o)
                0x000000000800dedc                __ieee754_sqrtf
 *fill*         0x000000000800dee2        0x6 
 .text.__kernel_cos
                0x000000000800dee8      0x18c c:/st/stm32cubeide_1.7.0/stm32cubeide/plugins/com.st.stm32cube.ide.mcu.externaltools.gnu-tools-for-stm32.9-2020-q2-update.win32_2.0.0.202105311346/tools/bin/../lib/gcc/arm-none-eabi/9.3.1/../../../../arm-none-eabi/lib/thumb/v7e-m+fp/hard\libm.a(lib_a-k_cos.o)
                0x000000000800dee8                __kernel_cos
 *fill*         0x000000000800e074        0x4 
 .text.__kernel_rem_pio2
                0x000000000800e078      0x680 c:/st/stm32cubeide_1.7.0/stm32cubeide/plugins/com.st.stm32cube.ide.mcu.externaltools.gnu-tools-for-stm32.9-2020-q2-update.win32_2.0.0.202105311346/tools/bin/../lib/gcc/arm-none-eabi/9.3.1/../../../../arm-none-eabi/lib/thumb/v7e-m+fp/hard\libm.a(lib_a-k_rem_pio2.o)
                0x000000000800e078                __kernel_rem_pio2
 .text.__kernel_sin
                0x000000000800e6f8      0x17c c:/st/stm32cubeide_1.7.0/stm32cubeide/plugins/com.st.stm32cube.ide.mcu.externaltools.gnu-tools-for-stm32.9-2020-q2-update.win32_2.0.0.202105311346/tools/bin/../lib/gcc/arm-none-eabi/9.3.1/../../../../arm-none-eabi/lib/thumb/v7e-m+fp/hard\libm.a(lib_a-k_sin.o)
                0x000000000800e6f8                __kernel_sin
 .text.__kernel_cosf
                0x000000000800e874       0xc0 c:/st/stm32cubeide_1.7.0/stm32cubeide/plugins/com.st.stm32cube.ide.mcu.externaltools.gnu-tools-for-stm32.9-2020-q2-update.win32_2.0.0.202105311346/tools/bin/../lib/gcc/arm-none-eabi/9.3.1/../../../../arm-none-eabi/lib/thumb/v7e-m+fp/hard\libm.a(lib_a-kf_cos.o)
                0x000000000800e874                __kernel_cosf
 .text.__kernel_rem_pio2f
                0x000000000800e934      0x514 c:/st/stm32cubeide_1.7.0/stm32cubeide/plugins/com.st.stm32cube.ide.mcu.externaltools.gnu-tools-for-stm32.9-2020-q2-update.win32_2.0.0.202105311346/tools/bin/../lib/gcc/arm-none-eabi/9.3.1/../../../../arm-none-eabi/lib/thumb/v7e-m+fp/hard\libm.a(lib_a-kf_rem_pio2.o)
                0x000000000800e934                __kernel_rem_pio2f
 .text.__kernel_sinf
                0x000000000800ee48       0x90 c:/st/stm32cubeide_1.7.0/stm32cubeide/plugins/com.st.stm32cube.ide.mcu.externaltools.gnu-tools-for-stm32.9-2020-q2-update.win32_2.0.0.202105311346/tools/bin/../lib/gcc/arm-none-eabi/9.3.1/../../../../arm-none-eabi/lib/thumb/v7e-m+fp/hard\libm.a(lib_a-kf_sin.o)
                0x000000000800ee48                __kernel_sinf
 .text.fabs     0x000000000800eed8       0x12 c:/st/stm32cubeide_1.7.0/stm32cubeide/plugins/com.st.stm32cube.ide.mcu.externaltools.gnu-tools-for-stm32.9-2020-q2-update.win32_2.0.0.202105311346/tools/bin/../lib/gcc/arm-none-eabi/9.3.1/../../../../arm-none-eabi/lib/thumb/v7e-m+fp/hard\libm.a(lib_a-s_fabs.o)
                0x000000000800eed8                fabs
 *fill*         0x000000000800eeea        0x6 
 .text.floor    0x000000000800eef0      0x100 c:/st/stm32cubeide_1.7.0/stm32cubeide/plugins/com.st.stm32cube.ide.mcu.externaltools.gnu-tools-for-stm32.9-2020-q2-update.win32_2.0.0.202105311346/tools/bin/../lib/gcc/arm-none-eabi/9.3.1/../../../../arm-none-eabi/lib/thumb/v7e-m+fp/hard\libm.a(lib_a-s_floor.o)
                0x000000000800eef0                floor