lcd_gui.c:89:6:GUI_TS_GetState	16	static
lcd_gui.c:103:6:GUI_LCD_FillRect	24	static
lcd_gui.c:117:6:GUI_LCD_DrawRect	24	static
lcd_gui.c:131:6:GUI_LCD_DrawHLine	16	static
lcd_gui.c:145:6:GUI_LCD_DrawVLine	16	static
lcd_gui.c:159:6:GUI_LCD_DrawCircle	16	static
lcd_gui.c:173:6:GUI_LCD_FillCircle	16	static
lcd_gui.c:185:6:GUI_DrawHint	8	static
lcd_gui.c:205:6:GUI_DrawModeSel	40	static
lcd_gui.c:231:6:GUI_DrawTopMode	40	static
lcd_gui.c:276:6:GUI_DrawTopOptions	40	static
lcd_gui.c:307:6:GUI_ClearSite	8	static
lcd_gui.c:320:6:GUI_DrawMeasurement	56	static
lcd_gui.c:401:6:GUI_DrawOptions	48	static
lcd_gui.c:459:6:GUI_DrawRaw	48	static
lcd_gui.c:497:6:GUI_SiteHandler	8	static
lcd_gui.c:605:6:GUI_TSHandler	16	static
