lcd_gui.c:113:6:GUI_TS_GetState	16	static
lcd_gui.c:130:6:GUI_LCD_FillRect	24	static
lcd_gui.c:149:6:GUI_LCD_DrawRect	24	static
lcd_gui.c:167:6:GUI_LCD_DrawHLine	16	static
lcd_gui.c:184:6:GUI_LCD_DrawVLine	16	static
lcd_gui.c:201:6:GUI_LCD_DrawCircle	16	static
lcd_gui.c:218:6:GUI_LCD_FillCircle	16	static
lcd_gui.c:231:6:GUI_DrawHint	8	static
lcd_gui.c:253:6:GUI_DrawModeSel	40	static
lcd_gui.c:282:6:GUI_DrawTopMode	40	static
lcd_gui.c:335:6:GUI_DrawTopOptions	40	static
lcd_gui.c:367:6:GUI_ClearSite	8	static
lcd_gui.c:383:6:GUI_DrawMeasurement	72	static
lcd_gui.c:478:6:GUI_DrawOptions	48	static
lcd_gui.c:537:6:GUI_DrawRaw	56	static
lcd_gui.c:575:6:GUI_SiteHandler	8	static
lcd_gui.c:683:6:GUI_TSHandler	16	static
