core_cm4.h:1688:22:__NVIC_EnableIRQ	16	static
core_cm4.h:1724:22:__NVIC_DisableIRQ	16	static,ignoring_inline_asm
core_cm4.h:1777:22:__NVIC_ClearPendingIRQ	16	static
measuring.c:94:6:MEAS_GPIO_analog_init	16	static
measuring.c:110:6:ADC_reset	4	static
measuring.c:123:6:MEAS_timer_init	16	static
measuring.c:147:6:ADC3_IN13_IN4_scan_init	16	static
measuring.c:185:6:ADC3_IN11_IN6_scan_init	16	static
measuring.c:216:6:ADC3_dual_scan_start	8	static
measuring.c:232:6:TIM2_IRQHandler	4	static
measuring.c:244:6:ADC_IRQHandler	8	static
measuring.c:265:6:DMA2_Stream1_IRQHandler	8	static
measuring.c:288:6:MEAS_analyse_data	624	static
