core_cm4.h:1688:22:__NVIC_EnableIRQ	16	static
core_cm4.h:1724:22:__NVIC_DisableIRQ	16	static,ignoring_inline_asm
core_cm4.h:1777:22:__NVIC_ClearPendingIRQ	16	static
measuring.c:105:6:MEAS_GPIO_analog_init	16	static
measuring.c:121:6:ADC_reset	4	static
measuring.c:134:6:MEAS_timer_init	16	static
measuring.c:158:6:ADC3_IN13_IN4_scan_init	16	static
measuring.c:196:6:ADC3_IN11_IN6_scan_init	16	static
measuring.c:227:6:ADC3_dual_scan_start	8	static
measuring.c:243:6:TIM2_IRQHandler	4	static
measuring.c:255:6:ADC_IRQHandler	8	static
measuring.c:276:6:DMA2_Stream1_IRQHandler	8	static
measuring.c:306:6:MEAS_show_data	64	static
measuring.c:356:6:MEAS_analyse_data	624	static
